ERROR: LoadError: ArgumentError: Package ExaModels [1037b233-b668-4ce9-9b63-f9f681f55dd2] is required but does not seem to be installed:
 - Run `Pkg.instantiate()` to install all recorded dependencies.

Stacktrace:
 [1] __require_prelocked(pkg::Base.PkgId, env::String)
   @ Base ./loading.jl:2587
 [2] _require_prelocked(uuidkey::Base.PkgId, env::String)
   @ Base ./loading.jl:2465
 [3] macro expansion
   @ ./loading.jl:2393 [inlined]
 [4] macro expansion
   @ ./lock.jl:376 [inlined]
 [5] __require(into::Module, mod::Symbol)
   @ Base ./loading.jl:2358
 [6] require(into::Module, mod::Symbol)
   @ Base ./loading.jl:2334
 [7] include(mod::Module, _path::String)
   @ Base ./Base.jl:306
 [8] exec_options(opts::Base.JLOptions)
   @ Base ./client.jl:317
 [9] _start()
   @ Base ./client.jl:550
in expression starting at /tmp/exa-wf-test/benchmark/benchmark.jl:20
