[info | PowerModels]: Suppressing information and warning messages for the rest of this session.  Use the Memento package for more fine-grained control of logging.
┌ Info: Running reference benchmarks (JuMP + AMPL)
└   seconds = 0.1
[ Info: [OPF JuMP 1/8] polar/pglib_opf_case118_ieee.m (elapsed 0s)
[ Info: [OPF JuMP 2/8] polar/pglib_opf_case1354_pegase.m (elapsed 23s)
[ Info: [OPF JuMP 3/8] polar/pglib_opf_case2869_pegase.m (elapsed 33s)
[ Info: [OPF JuMP 4/8] polar/pglib_opf_case9241_pegase.m (elapsed 53s)
[ Info: [OPF JuMP 5/8] rect/pglib_opf_case118_ieee.m (elapsed 134s)
[ Info: [OPF JuMP 6/8] rect/pglib_opf_case1354_pegase.m (elapsed 141s)
[ Info: [OPF JuMP 7/8] rect/pglib_opf_case2869_pegase.m (elapsed 150s)
[ Info: [OPF JuMP 8/8] rect/pglib_opf_case9241_pegase.m (elapsed 168s)
[ Info: [OPF AMPL 1/8] polar/pglib_opf_case118_ieee.m (elapsed 292s)
┌ Warning: Failed: OPF AMPL (polar) pglib_opf_case118_ieee.m
│   exception =
│    MethodError: no method matching with_timeout(::var"#120#121"{Float64, String, Symbol, String, typeof(build_jump_opf_polar)}, ::Float64)
│    The function `with_timeout` exists, but no method is defined for this combination of argument types.
│    
│    Closest candidates are:
│      with_timeout(!Matched::Real, ::Any)
│       @ Main /tmp/exa-wf-test/benchmark/benchmark.jl:208
│    
│    Stacktrace:
│     [1] run_reference(; seconds::Float64, suites::Vector{String})
│       @ Main /tmp/exa-wf-test/benchmark/benchmark.jl:733
│     [2] run_reference
│       @ /tmp/exa-wf-test/benchmark/benchmark.jl:579 [inlined]
│     [3] main()
│       @ Main /tmp/exa-wf-test/benchmark/benchmark.jl:814
│     [4] top-level scope
│       @ /tmp/exa-wf-test/benchmark/benchmark.jl:842
│     [5] include(mod::Module, _path::String)
│       @ Base ./Base.jl:306
│     [6] exec_options(opts::Base.JLOptions)
│       @ Base ./client.jl:317
│     [7] _start()
│       @ Base ./client.jl:550
└ @ Main /tmp/exa-wf-test/benchmark/benchmark.jl:746
[ Info: [OPF AMPL 2/8] polar/pglib_opf_case1354_pegase.m (elapsed 294s)
┌ Warning: Failed: OPF AMPL (polar) pglib_opf_case1354_pegase.m
│   exception =
│    MethodError: no method matching with_timeout(::var"#120#121"{Float64, String, Symbol, String, typeof(build_jump_opf_polar)}, ::Float64)
│    The function `with_timeout` exists, but no method is defined for this combination of argument types.
│    
│    Closest candidates are:
│      with_timeout(!Matched::Real, ::Any)
│       @ Main /tmp/exa-wf-test/benchmark/benchmark.jl:208
│    
│    Stacktrace:
│     [1] run_reference(; seconds::Float64, suites::Vector{String})
│       @ Main /tmp/exa-wf-test/benchmark/benchmark.jl:733
│     [2] run_reference
│       @ /tmp/exa-wf-test/benchmark/benchmark.jl:579 [inlined]
│     [3] main()
│       @ Main /tmp/exa-wf-test/benchmark/benchmark.jl:814
│     [4] top-level scope
│       @ /tmp/exa-wf-test/benchmark/benchmark.jl:842
│     [5] include(mod::Module, _path::String)
│       @ Base ./Base.jl:306
│     [6] exec_options(opts::Base.JLOptions)
│       @ Base ./client.jl:317
│     [7] _start()
│       @ Base ./client.jl:550
└ @ Main /tmp/exa-wf-test/benchmark/benchmark.jl:746
[ Info: [OPF AMPL 3/8] polar/pglib_opf_case2869_pegase.m (elapsed 295s)
┌ Warning: Failed: OPF AMPL (polar) pglib_opf_case2869_pegase.m
│   exception =
│    MethodError: no method matching with_timeout(::var"#120#121"{Float64, String, Symbol, String, typeof(build_jump_opf_polar)}, ::Float64)
│    The function `with_timeout` exists, but no method is defined for this combination of argument types.
│    
│    Closest candidates are:
│      with_timeout(!Matched::Real, ::Any)
│       @ Main /tmp/exa-wf-test/benchmark/benchmark.jl:208
│    
│    Stacktrace:
│     [1] run_reference(; seconds::Float64, suites::Vector{String})
│       @ Main /tmp/exa-wf-test/benchmark/benchmark.jl:733
│     [2] run_reference
│       @ /tmp/exa-wf-test/benchmark/benchmark.jl:579 [inlined]
│     [3] main()
│       @ Main /tmp/exa-wf-test/benchmark/benchmark.jl:814
│     [4] top-level scope
│       @ /tmp/exa-wf-test/benchmark/benchmark.jl:842
│     [5] include(mod::Module, _path::String)
│       @ Base ./Base.jl:306
│     [6] exec_options(opts::Base.JLOptions)
│       @ Base ./client.jl:317
│     [7] _start()
│       @ Base ./client.jl:550
└ @ Main /tmp/exa-wf-test/benchmark/benchmark.jl:746
[ Info: [OPF AMPL 4/8] polar/pglib_opf_case9241_pegase.m (elapsed 295s)
┌ Warning: Failed: OPF AMPL (polar) pglib_opf_case9241_pegase.m
│   exception =
│    MethodError: no method matching with_timeout(::var"#120#121"{Float64, String, Symbol, String, typeof(build_jump_opf_polar)}, ::Float64)
│    The function `with_timeout` exists, but no method is defined for this combination of argument types.
│    
│    Closest candidates are:
│      with_timeout(!Matched::Real, ::Any)
│       @ Main /tmp/exa-wf-test/benchmark/benchmark.jl:208
│    
│    Stacktrace:
│     [1] run_reference(; seconds::Float64, suites::Vector{String})
│       @ Main /tmp/exa-wf-test/benchmark/benchmark.jl:733
│     [2] run_reference
│       @ /tmp/exa-wf-test/benchmark/benchmark.jl:579 [inlined]
│     [3] main()
│       @ Main /tmp/exa-wf-test/benchmark/benchmark.jl:814
│     [4] top-level scope
│       @ /tmp/exa-wf-test/benchmark/benchmark.jl:842
│     [5] include(mod::Module, _path::String)
│       @ Base ./Base.jl:306
│     [6] exec_options(opts::Base.JLOptions)
│       @ Base ./client.jl:317
│     [7] _start()
│       @ Base ./client.jl:550
└ @ Main /tmp/exa-wf-test/benchmark/benchmark.jl:746
[ Info: [OPF AMPL 5/8] rect/pglib_opf_case118_ieee.m (elapsed 296s)
┌ Warning: Failed: OPF AMPL (rect) pglib_opf_case118_ieee.m
│   exception =
│    MethodError: no method matching with_timeout(::var"#120#121"{Float64, String, Symbol, String, typeof(build_jump_opf_rect)}, ::Float64)
│    The function `with_timeout` exists, but no method is defined for this combination of argument types.
│    
│    Closest candidates are:
│      with_timeout(!Matched::Real, ::Any)
│       @ Main /tmp/exa-wf-test/benchmark/benchmark.jl:208
│    
│    Stacktrace:
│     [1] run_reference(; seconds::Float64, suites::Vector{String})
│       @ Main /tmp/exa-wf-test/benchmark/benchmark.jl:733
│     [2] run_reference
│       @ /tmp/exa-wf-test/benchmark/benchmark.jl:579 [inlined]
│     [3] main()
│       @ Main /tmp/exa-wf-test/benchmark/benchmark.jl:814
│     [4] top-level scope
│       @ /tmp/exa-wf-test/benchmark/benchmark.jl:842
│     [5] include(mod::Module, _path::String)
│       @ Base ./Base.jl:306
│     [6] exec_options(opts::Base.JLOptions)
│       @ Base ./client.jl:317
│     [7] _start()
│       @ Base ./client.jl:550
└ @ Main /tmp/exa-wf-test/benchmark/benchmark.jl:746
[ Info: [OPF AMPL 6/8] rect/pglib_opf_case1354_pegase.m (elapsed 296s)
┌ Warning: Failed: OPF AMPL (rect) pglib_opf_case1354_pegase.m
│   exception =
│    MethodError: no method matching with_timeout(::var"#120#121"{Float64, String, Symbol, String, typeof(build_jump_opf_rect)}, ::Float64)
│    The function `with_timeout` exists, but no method is defined for this combination of argument types.
│    
│    Closest candidates are:
│      with_timeout(!Matched::Real, ::Any)
│       @ Main /tmp/exa-wf-test/benchmark/benchmark.jl:208
│    
│    Stacktrace:
│     [1] run_reference(; seconds::Float64, suites::Vector{String})
│       @ Main /tmp/exa-wf-test/benchmark/benchmark.jl:733
│     [2] run_reference
│       @ /tmp/exa-wf-test/benchmark/benchmark.jl:579 [inlined]
│     [3] main()
│       @ Main /tmp/exa-wf-test/benchmark/benchmark.jl:814
│     [4] top-level scope
│       @ /tmp/exa-wf-test/benchmark/benchmark.jl:842
│     [5] include(mod::Module, _path::String)
│       @ Base ./Base.jl:306
│     [6] exec_options(opts::Base.JLOptions)
│       @ Base ./client.jl:317
│     [7] _start()
│       @ Base ./client.jl:550
└ @ Main /tmp/exa-wf-test/benchmark/benchmark.jl:746
[ Info: [OPF AMPL 7/8] rect/pglib_opf_case2869_pegase.m (elapsed 297s)
┌ Warning: Failed: OPF AMPL (rect) pglib_opf_case2869_pegase.m
│   exception =
│    MethodError: no method matching with_timeout(::var"#120#121"{Float64, String, Symbol, String, typeof(build_jump_opf_rect)}, ::Float64)
│    The function `with_timeout` exists, but no method is defined for this combination of argument types.
│    
│    Closest candidates are:
│      with_timeout(!Matched::Real, ::Any)
│       @ Main /tmp/exa-wf-test/benchmark/benchmark.jl:208
│    
│    Stacktrace:
│     [1] run_reference(; seconds::Float64, suites::Vector{String})
│       @ Main /tmp/exa-wf-test/benchmark/benchmark.jl:733
│     [2] run_reference
│       @ /tmp/exa-wf-test/benchmark/benchmark.jl:579 [inlined]
│     [3] main()
│       @ Main /tmp/exa-wf-test/benchmark/benchmark.jl:814
│     [4] top-level scope
│       @ /tmp/exa-wf-test/benchmark/benchmark.jl:842
│     [5] include(mod::Module, _path::String)
│       @ Base ./Base.jl:306
│     [6] exec_options(opts::Base.JLOptions)
│       @ Base ./client.jl:317
│     [7] _start()
│       @ Base ./client.jl:550
└ @ Main /tmp/exa-wf-test/benchmark/benchmark.jl:746
[ Info: [OPF AMPL 8/8] rect/pglib_opf_case9241_pegase.m (elapsed 297s)
┌ Warning: Failed: OPF AMPL (rect) pglib_opf_case9241_pegase.m
│   exception =
│    MethodError: no method matching with_timeout(::var"#120#121"{Float64, String, Symbol, String, typeof(build_jump_opf_rect)}, ::Float64)
│    The function `with_timeout` exists, but no method is defined for this combination of argument types.
│    
│    Closest candidates are:
│      with_timeout(!Matched::Real, ::Any)
│       @ Main /tmp/exa-wf-test/benchmark/benchmark.jl:208
│    
│    Stacktrace:
│     [1] run_reference(; seconds::Float64, suites::Vector{String})
│       @ Main /tmp/exa-wf-test/benchmark/benchmark.jl:733
│     [2] run_reference
│       @ /tmp/exa-wf-test/benchmark/benchmark.jl:579 [inlined]
│     [3] main()
│       @ Main /tmp/exa-wf-test/benchmark/benchmark.jl:814
│     [4] top-level scope
│       @ /tmp/exa-wf-test/benchmark/benchmark.jl:842
│     [5] include(mod::Module, _path::String)
│       @ Base ./Base.jl:306
│     [6] exec_options(opts::Base.JLOptions)
│       @ Base ./client.jl:317
│     [7] _start()
│       @ Base ./client.jl:550
└ @ Main /tmp/exa-wf-test/benchmark/benchmark.jl:746
[ Info: Results saved to results/shin-compute-002_reference_OPF.csv (8 rows)
