┌ Info: Running ExaModels benchmarks
│   device = "CPU"
│   T = Float64
│   seconds = 0.2
└   suites = 1-element Vector{String}: …
[ Info: LV ExaModels: rosenrock/1000
[ Info: LV ExaModels: rosenrock/10000
[ Info: LV ExaModels: wood/1000
[ Info: LV ExaModels: wood/10000
[ Info: LV ExaModels: chained_powell/1000
[ Info: LV ExaModels: chained_powell/10000
[ Info: LV ExaModels: cragg_levy/1000
[ Info: LV ExaModels: cragg_levy/10000
[ Info: LV ExaModels: broyden_tridiagonal/1000
[ Info: LV ExaModels: broyden_tridiagonal/10000
[ Info: LV ExaModels: broyden_banded/1000
[ Info: LV ExaModels: broyden_banded/10000
[ Info: LV ExaModels: trigo_tridiagonal/1000
[ Info: LV ExaModels: trigo_tridiagonal/10000
[ Info: LV ExaModels: augmented_lagrangian/1000
[ Info: LV ExaModels: augmented_lagrangian/10000
[ Info: LV ExaModels: modified_brown/1000
[ Info: LV ExaModels: modified_brown/10000
[ Info: LV ExaModels: generalized_brown/1000
[ Info: LV ExaModels: generalized_brown/10000
[ Info: LV ExaModels: chained_hs46/1000
[ Info: LV ExaModels: chained_hs46/10000
[ Info: LV ExaModels: chained_hs47/1000
[ Info: LV ExaModels: chained_hs47/10000
[ Info: LV ExaModels: chained_hs48/1000
[ Info: LV ExaModels: chained_hs48/10000
[ Info: LV ExaModels: chained_hs49/1000
[ Info: LV ExaModels: chained_hs49/10000
[ Info: LV ExaModels: chained_hs50/1000
[ Info: LV ExaModels: chained_hs50/10000
[ Info: LV ExaModels: chained_hs51/1000
[ Info: LV ExaModels: chained_hs51/10000
[ Info: LV ExaModels: chained_hs52/1000
[ Info: LV ExaModels: chained_hs52/10000
[ Info: LV ExaModels: chained_hs53/1000
[ Info: LV ExaModels: chained_hs53/10000
[ Info: Results saved to results/shin-compute-002_CPU_fp64_LV.csv (36 rows)
