┌ Info: Running ExaModels benchmarks
│   device = "CPU-8T"
│   T = Float64
│   seconds = 0.2
└   suites = 1-element Vector{String}: …
[ Info: OPF ExaModels (polar): pglib_opf_case118_ieee.m
[ Info: Loading matpower file
┌ Warning: `ExaCore()` is deprecated, and will be removed in v0.11. Use `ExaCore(concrete = Val(true))` for the immutable ExaCore. The default behavior for `ExaCore()` will change to return the immutable ExaCore in v0.11.
└ @ ExaModels ~/.julia/packages/ExaModels/b44x9/src/deprecated.jl:30
[ Info: Loading matpower file
┌ Warning: `ExaCore()` is deprecated, and will be removed in v0.11. Use `ExaCore(concrete = Val(true))` for the immutable ExaCore. The default behavior for `ExaCore()` will change to return the immutable ExaCore in v0.11.
└ @ ExaModels ~/.julia/packages/ExaModels/b44x9/src/deprecated.jl:30
[ Info: Loading matpower file
┌ Warning: `ExaCore()` is deprecated, and will be removed in v0.11. Use `ExaCore(concrete = Val(true))` for the immutable ExaCore. The default behavior for `ExaCore()` will change to return the immutable ExaCore in v0.11.
└ @ ExaModels ~/.julia/packages/ExaModels/b44x9/src/deprecated.jl:30
[ Info: Loading matpower file
┌ Warning: `ExaCore()` is deprecated, and will be removed in v0.11. Use `ExaCore(concrete = Val(true))` for the immutable ExaCore. The default behavior for `ExaCore()` will change to return the immutable ExaCore in v0.11.
└ @ ExaModels ~/.julia/packages/ExaModels/b44x9/src/deprecated.jl:30
[ Info: Loading matpower file
┌ Warning: `ExaCore()` is deprecated, and will be removed in v0.11. Use `ExaCore(concrete = Val(true))` for the immutable ExaCore. The default behavior for `ExaCore()` will change to return the immutable ExaCore in v0.11.
└ @ ExaModels ~/.julia/packages/ExaModels/b44x9/src/deprecated.jl:30
[ Info: Loading matpower file
┌ Warning: `ExaCore()` is deprecated, and will be removed in v0.11. Use `ExaCore(concrete = Val(true))` for the immutable ExaCore. The default behavior for `ExaCore()` will change to return the immutable ExaCore in v0.11.
└ @ ExaModels ~/.julia/packages/ExaModels/b44x9/src/deprecated.jl:30
[ Info: Loading matpower file
┌ Warning: `ExaCore()` is deprecated, and will be removed in v0.11. Use `ExaCore(concrete = Val(true))` for the immutable ExaCore. The default behavior for `ExaCore()` will change to return the immutable ExaCore in v0.11.
└ @ ExaModels ~/.julia/packages/ExaModels/b44x9/src/deprecated.jl:30
[ Info: Loading matpower file
┌ Warning: `ExaCore()` is deprecated, and will be removed in v0.11. Use `ExaCore(concrete = Val(true))` for the immutable ExaCore. The default behavior for `ExaCore()` will change to return the immutable ExaCore in v0.11.
└ @ ExaModels ~/.julia/packages/ExaModels/b44x9/src/deprecated.jl:30
[ Info: Loading matpower file
┌ Warning: `ExaCore()` is deprecated, and will be removed in v0.11. Use `ExaCore(concrete = Val(true))` for the immutable ExaCore. The default behavior for `ExaCore()` will change to return the immutable ExaCore in v0.11.
└ @ ExaModels ~/.julia/packages/ExaModels/b44x9/src/deprecated.jl:30
[ Info: Loading matpower file
┌ Warning: `ExaCore()` is deprecated, and will be removed in v0.11. Use `ExaCore(concrete = Val(true))` for the immutable ExaCore. The default behavior for `ExaCore()` will change to return the immutable ExaCore in v0.11.
└ @ ExaModels ~/.julia/packages/ExaModels/b44x9/src/deprecated.jl:30
[ Info: Loading matpower file
┌ Warning: `ExaCore()` is deprecated, and will be removed in v0.11. Use `ExaCore(concrete = Val(true))` for the immutable ExaCore. The default behavior for `ExaCore()` will change to return the immutable ExaCore in v0.11.
└ @ ExaModels ~/.julia/packages/ExaModels/b44x9/src/deprecated.jl:30
[ Info: Loading matpower file
┌ Warning: `ExaCore()` is deprecated, and will be removed in v0.11. Use `ExaCore(concrete = Val(true))` for the immutable ExaCore. The default behavior for `ExaCore()` will change to return the immutable ExaCore in v0.11.
└ @ ExaModels ~/.julia/packages/ExaModels/b44x9/src/deprecated.jl:30
[ Info: Loading matpower file
┌ Warning: `ExaCore()` is deprecated, and will be removed in v0.11. Use `ExaCore(concrete = Val(true))` for the immutable ExaCore. The default behavior for `ExaCore()` will change to return the immutable ExaCore in v0.11.
└ @ ExaModels ~/.julia/packages/ExaModels/b44x9/src/deprecated.jl:30
[ Info: Loading matpower file
┌ Warning: `ExaCore()` is deprecated, and will be removed in v0.11. Use `ExaCore(concrete = Val(true))` for the immutable ExaCore. The default behavior for `ExaCore()` will change to return the immutable ExaCore in v0.11.
└ @ ExaModels ~/.julia/packages/ExaModels/b44x9/src/deprecated.jl:30
[ Info: Loading matpower file
┌ Warning: `ExaCore()` is deprecated, and will be removed in v0.11. Use `ExaCore(concrete = Val(true))` for the immutable ExaCore. The default behavior for `ExaCore()` will change to return the immutable ExaCore in v0.11.
└ @ ExaModels ~/.julia/packages/ExaModels/b44x9/src/deprecated.jl:30
[ Info: Loading matpower file
┌ Warning: `ExaCore()` is deprecated, and will be removed in v0.11. Use `ExaCore(concrete = Val(true))` for the immutable ExaCore. The default behavior for `ExaCore()` will change to return the immutable ExaCore in v0.11.
└ @ ExaModels ~/.julia/packages/ExaModels/b44x9/src/deprecated.jl:30
[ Info: Loading matpower file
┌ Warning: `ExaCore()` is deprecated, and will be removed in v0.11. Use `ExaCore(concrete = Val(true))` for the immutable ExaCore. The default behavior for `ExaCore()` will change to return the immutable ExaCore in v0.11.
└ @ ExaModels ~/.julia/packages/ExaModels/b44x9/src/deprecated.jl:30
[ Info: Loading matpower file
┌ Warning: `ExaCore()` is deprecated, and will be removed in v0.11. Use `ExaCore(concrete = Val(true))` for the immutable ExaCore. The default behavior for `ExaCore()` will change to return the immutable ExaCore in v0.11.
└ @ ExaModels ~/.julia/packages/ExaModels/b44x9/src/deprecated.jl:30
[ Info: Loading matpower file
┌ Warning: `ExaCore()` is deprecated, and will be removed in v0.11. Use `ExaCore(concrete = Val(true))` for the immutable ExaCore. The default behavior for `ExaCore()` will change to return the immutable ExaCore in v0.11.
└ @ ExaModels ~/.julia/packages/ExaModels/b44x9/src/deprecated.jl:30
[ Info: Loading matpower file
┌ Warning: `ExaCore()` is deprecated, and will be removed in v0.11. Use `ExaCore(concrete = Val(true))` for the immutable ExaCore. The default behavior for `ExaCore()` will change to return the immutable ExaCore in v0.11.
└ @ ExaModels ~/.julia/packages/ExaModels/b44x9/src/deprecated.jl:30
[ Info: Loading matpower file
┌ Warning: `ExaCore()` is deprecated, and will be removed in v0.11. Use `ExaCore(concrete = Val(true))` for the immutable ExaCore. The default behavior for `ExaCore()` will change to return the immutable ExaCore in v0.11.
└ @ ExaModels ~/.julia/packages/ExaModels/b44x9/src/deprecated.jl:30
[ Info: Loading matpower file
┌ Warning: `ExaCore()` is deprecated, and will be removed in v0.11. Use `ExaCore(concrete = Val(true))` for the immutable ExaCore. The default behavior for `ExaCore()` will change to return the immutable ExaCore in v0.11.
└ @ ExaModels ~/.julia/packages/ExaModels/b44x9/src/deprecated.jl:30
[ Info: Loading matpower file
┌ Warning: `ExaCore()` is deprecated, and will be removed in v0.11. Use `ExaCore(concrete = Val(true))` for the immutable ExaCore. The default behavior for `ExaCore()` will change to return the immutable ExaCore in v0.11.
└ @ ExaModels ~/.julia/packages/ExaModels/b44x9/src/deprecated.jl:30
[ Info: Loading matpower file
┌ Warning: `ExaCore()` is deprecated, and will be removed in v0.11. Use `ExaCore(concrete = Val(true))` for the immutable ExaCore. The default behavior for `ExaCore()` will change to return the immutable ExaCore in v0.11.
└ @ ExaModels ~/.julia/packages/ExaModels/b44x9/src/deprecated.jl:30
[ Info: Loading matpower file
┌ Warning: `ExaCore()` is deprecated, and will be removed in v0.11. Use `ExaCore(concrete = Val(true))` for the immutable ExaCore. The default behavior for `ExaCore()` will change to return the immutable ExaCore in v0.11.
└ @ ExaModels ~/.julia/packages/ExaModels/b44x9/src/deprecated.jl:30
[ Info: Loading matpower file
┌ Warning: `ExaCore()` is deprecated, and will be removed in v0.11. Use `ExaCore(concrete = Val(true))` for the immutable ExaCore. The default behavior for `ExaCore()` will change to return the immutable ExaCore in v0.11.
└ @ ExaModels ~/.julia/packages/ExaModels/b44x9/src/deprecated.jl:30
[ Info: Loading matpower file
┌ Warning: `ExaCore()` is deprecated, and will be removed in v0.11. Use `ExaCore(concrete = Val(true))` for the immutable ExaCore. The default behavior for `ExaCore()` will change to return the immutable ExaCore in v0.11.
└ @ ExaModels ~/.julia/packages/ExaModels/b44x9/src/deprecated.jl:30
[ Info: Loading matpower file
┌ Warning: `ExaCore()` is deprecated, and will be removed in v0.11. Use `ExaCore(concrete = Val(true))` for the immutable ExaCore. The default behavior for `ExaCore()` will change to return the immutable ExaCore in v0.11.
└ @ ExaModels ~/.julia/packages/ExaModels/b44x9/src/deprecated.jl:30
[ Info: Loading matpower file
┌ Warning: `ExaCore()` is deprecated, and will be removed in v0.11. Use `ExaCore(concrete = Val(true))` for the immutable ExaCore. The default behavior for `ExaCore()` will change to return the immutable ExaCore in v0.11.
└ @ ExaModels ~/.julia/packages/ExaModels/b44x9/src/deprecated.jl:30
[ Info: Loading matpower file
┌ Warning: `ExaCore()` is deprecated, and will be removed in v0.11. Use `ExaCore(concrete = Val(true))` for the immutable ExaCore. The default behavior for `ExaCore()` will change to return the immutable ExaCore in v0.11.
└ @ ExaModels ~/.julia/packages/ExaModels/b44x9/src/deprecated.jl:30
[ Info: Loading matpower file
┌ Warning: `ExaCore()` is deprecated, and will be removed in v0.11. Use `ExaCore(concrete = Val(true))` for the immutable ExaCore. The default behavior for `ExaCore()` will change to return the immutable ExaCore in v0.11.
└ @ ExaModels ~/.julia/packages/ExaModels/b44x9/src/deprecated.jl:30
[ Info: Loading matpower file
┌ Warning: `ExaCore()` is deprecated, and will be removed in v0.11. Use `ExaCore(concrete = Val(true))` for the immutable ExaCore. The default behavior for `ExaCore()` will change to return the immutable ExaCore in v0.11.
└ @ ExaModels ~/.julia/packages/ExaModels/b44x9/src/deprecated.jl:30
[ Info: Loading matpower file
┌ Warning: `ExaCore()` is deprecated, and will be removed in v0.11. Use `ExaCore(concrete = Val(true))` for the immutable ExaCore. The default behavior for `ExaCore()` will change to return the immutable ExaCore in v0.11.
└ @ ExaModels ~/.julia/packages/ExaModels/b44x9/src/deprecated.jl:30
[ Info: Loading matpower file
┌ Warning: `ExaCore()` is deprecated, and will be removed in v0.11. Use `ExaCore(concrete = Val(true))` for the immutable ExaCore. The default behavior for `ExaCore()` will change to return the immutable ExaCore in v0.11.
└ @ ExaModels ~/.julia/packages/ExaModels/b44x9/src/deprecated.jl:30
[ Info: Loading matpower file
┌ Warning: `ExaCore()` is deprecated, and will be removed in v0.11. Use `ExaCore(concrete = Val(true))` for the immutable ExaCore. The default behavior for `ExaCore()` will change to return the immutable ExaCore in v0.11.
└ @ ExaModels ~/.julia/packages/ExaModels/b44x9/src/deprecated.jl:30
[ Info: Loading matpower file
┌ Warning: `ExaCore()` is deprecated, and will be removed in v0.11. Use `ExaCore(concrete = Val(true))` for the immutable ExaCore. The default behavior for `ExaCore()` will change to return the immutable ExaCore in v0.11.
└ @ ExaModels ~/.julia/packages/ExaModels/b44x9/src/deprecated.jl:30
[ Info: Loading matpower file
┌ Warning: `ExaCore()` is deprecated, and will be removed in v0.11. Use `ExaCore(concrete = Val(true))` for the immutable ExaCore. The default behavior for `ExaCore()` will change to return the immutable ExaCore in v0.11.
└ @ ExaModels ~/.julia/packages/ExaModels/b44x9/src/deprecated.jl:30
[ Info: Loading matpower file
┌ Warning: `ExaCore()` is deprecated, and will be removed in v0.11. Use `ExaCore(concrete = Val(true))` for the immutable ExaCore. The default behavior for `ExaCore()` will change to return the immutable ExaCore in v0.11.
└ @ ExaModels ~/.julia/packages/ExaModels/b44x9/src/deprecated.jl:30
[ Info: Loading matpower file
┌ Warning: `ExaCore()` is deprecated, and will be removed in v0.11. Use `ExaCore(concrete = Val(true))` for the immutable ExaCore. The default behavior for `ExaCore()` will change to return the immutable ExaCore in v0.11.
└ @ ExaModels ~/.julia/packages/ExaModels/b44x9/src/deprecated.jl:30
[ Info: Loading matpower file
┌ Warning: `ExaCore()` is deprecated, and will be removed in v0.11. Use `ExaCore(concrete = Val(true))` for the immutable ExaCore. The default behavior for `ExaCore()` will change to return the immutable ExaCore in v0.11.
└ @ ExaModels ~/.julia/packages/ExaModels/b44x9/src/deprecated.jl:30
[ Info: Loading matpower file
┌ Warning: `ExaCore()` is deprecated, and will be removed in v0.11. Use `ExaCore(concrete = Val(true))` for the immutable ExaCore. The default behavior for `ExaCore()` will change to return the immutable ExaCore in v0.11.
└ @ ExaModels ~/.julia/packages/ExaModels/b44x9/src/deprecated.jl:30
[ Info: Loading matpower file
┌ Warning: `ExaCore()` is deprecated, and will be removed in v0.11. Use `ExaCore(concrete = Val(true))` for the immutable ExaCore. The default behavior for `ExaCore()` will change to return the immutable ExaCore in v0.11.
└ @ ExaModels ~/.julia/packages/ExaModels/b44x9/src/deprecated.jl:30
[ Info: Loading matpower file
┌ Warning: `ExaCore()` is deprecated, and will be removed in v0.11. Use `ExaCore(concrete = Val(true))` for the immutable ExaCore. The default behavior for `ExaCore()` will change to return the immutable ExaCore in v0.11.
└ @ ExaModels ~/.julia/packages/ExaModels/b44x9/src/deprecated.jl:30
[ Info: Loading matpower file
┌ Warning: `ExaCore()` is deprecated, and will be removed in v0.11. Use `ExaCore(concrete = Val(true))` for the immutable ExaCore. The default behavior for `ExaCore()` will change to return the immutable ExaCore in v0.11.
└ @ ExaModels ~/.julia/packages/ExaModels/b44x9/src/deprecated.jl:30
[ Info: Loading matpower file
┌ Warning: `ExaCore()` is deprecated, and will be removed in v0.11. Use `ExaCore(concrete = Val(true))` for the immutable ExaCore. The default behavior for `ExaCore()` will change to return the immutable ExaCore in v0.11.
└ @ ExaModels ~/.julia/packages/ExaModels/b44x9/src/deprecated.jl:30
[ Info: Loading matpower file
┌ Warning: `ExaCore()` is deprecated, and will be removed in v0.11. Use `ExaCore(concrete = Val(true))` for the immutable ExaCore. The default behavior for `ExaCore()` will change to return the immutable ExaCore in v0.11.
└ @ ExaModels ~/.julia/packages/ExaModels/b44x9/src/deprecated.jl:30
[ Info: Loading matpower file
┌ Warning: `ExaCore()` is deprecated, and will be removed in v0.11. Use `ExaCore(concrete = Val(true))` for the immutable ExaCore. The default behavior for `ExaCore()` will change to return the immutable ExaCore in v0.11.
└ @ ExaModels ~/.julia/packages/ExaModels/b44x9/src/deprecated.jl:30
[ Info: Loading matpower file
┌ Warning: `ExaCore()` is deprecated, and will be removed in v0.11. Use `ExaCore(concrete = Val(true))` for the immutable ExaCore. The default behavior for `ExaCore()` will change to return the immutable ExaCore in v0.11.
└ @ ExaModels ~/.julia/packages/ExaModels/b44x9/src/deprecated.jl:30
[ Info: Loading matpower file
┌ Warning: `ExaCore()` is deprecated, and will be removed in v0.11. Use `ExaCore(concrete = Val(true))` for the immutable ExaCore. The default behavior for `ExaCore()` will change to return the immutable ExaCore in v0.11.
└ @ ExaModels ~/.julia/packages/ExaModels/b44x9/src/deprecated.jl:30
[ Info: Loading matpower file
┌ Warning: `ExaCore()` is deprecated, and will be removed in v0.11. Use `ExaCore(concrete = Val(true))` for the immutable ExaCore. The default behavior for `ExaCore()` will change to return the immutable ExaCore in v0.11.
└ @ ExaModels ~/.julia/packages/ExaModels/b44x9/src/deprecated.jl:30
[ Info: Loading matpower file
┌ Warning: `ExaCore()` is deprecated, and will be removed in v0.11. Use `ExaCore(concrete = Val(true))` for the immutable ExaCore. The default behavior for `ExaCore()` will change to return the immutable ExaCore in v0.11.
└ @ ExaModels ~/.julia/packages/ExaModels/b44x9/src/deprecated.jl:30
[ Info: Loading matpower file
┌ Warning: `ExaCore()` is deprecated, and will be removed in v0.11. Use `ExaCore(concrete = Val(true))` for the immutable ExaCore. The default behavior for `ExaCore()` will change to return the immutable ExaCore in v0.11.
└ @ ExaModels ~/.julia/packages/ExaModels/b44x9/src/deprecated.jl:30
[ Info: Loading matpower file
┌ Warning: `ExaCore()` is deprecated, and will be removed in v0.11. Use `ExaCore(concrete = Val(true))` for the immutable ExaCore. The default behavior for `ExaCore()` will change to return the immutable ExaCore in v0.11.
└ @ ExaModels ~/.julia/packages/ExaModels/b44x9/src/deprecated.jl:30
[ Info: Loading matpower file
┌ Warning: `ExaCore()` is deprecated, and will be removed in v0.11. Use `ExaCore(concrete = Val(true))` for the immutable ExaCore. The default behavior for `ExaCore()` will change to return the immutable ExaCore in v0.11.
└ @ ExaModels ~/.julia/packages/ExaModels/b44x9/src/deprecated.jl:30
[ Info: Loading matpower file
┌ Warning: `ExaCore()` is deprecated, and will be removed in v0.11. Use `ExaCore(concrete = Val(true))` for the immutable ExaCore. The default behavior for `ExaCore()` will change to return the immutable ExaCore in v0.11.
└ @ ExaModels ~/.julia/packages/ExaModels/b44x9/src/deprecated.jl:30
[ Info: Loading matpower file
┌ Warning: `ExaCore()` is deprecated, and will be removed in v0.11. Use `ExaCore(concrete = Val(true))` for the immutable ExaCore. The default behavior for `ExaCore()` will change to return the immutable ExaCore in v0.11.
└ @ ExaModels ~/.julia/packages/ExaModels/b44x9/src/deprecated.jl:30
[ Info: Loading matpower file
┌ Warning: `ExaCore()` is deprecated, and will be removed in v0.11. Use `ExaCore(concrete = Val(true))` for the immutable ExaCore. The default behavior for `ExaCore()` will change to return the immutable ExaCore in v0.11.
└ @ ExaModels ~/.julia/packages/ExaModels/b44x9/src/deprecated.jl:30
[ Info: Loading matpower file
┌ Warning: `ExaCore()` is deprecated, and will be removed in v0.11. Use `ExaCore(concrete = Val(true))` for the immutable ExaCore. The default behavior for `ExaCore()` will change to return the immutable ExaCore in v0.11.
└ @ ExaModels ~/.julia/packages/ExaModels/b44x9/src/deprecated.jl:30
[ Info: Loading matpower file
┌ Warning: `ExaCore()` is deprecated, and will be removed in v0.11. Use `ExaCore(concrete = Val(true))` for the immutable ExaCore. The default behavior for `ExaCore()` will change to return the immutable ExaCore in v0.11.
└ @ ExaModels ~/.julia/packages/ExaModels/b44x9/src/deprecated.jl:30
[ Info: Loading matpower file
┌ Warning: `ExaCore()` is deprecated, and will be removed in v0.11. Use `ExaCore(concrete = Val(true))` for the immutable ExaCore. The default behavior for `ExaCore()` will change to return the immutable ExaCore in v0.11.
└ @ ExaModels ~/.julia/packages/ExaModels/b44x9/src/deprecated.jl:30
[ Info: Loading matpower file
┌ Warning: `ExaCore()` is deprecated, and will be removed in v0.11. Use `ExaCore(concrete = Val(true))` for the immutable ExaCore. The default behavior for `ExaCore()` will change to return the immutable ExaCore in v0.11.
└ @ ExaModels ~/.julia/packages/ExaModels/b44x9/src/deprecated.jl:30
[ Info: Loading matpower file
┌ Warning: `ExaCore()` is deprecated, and will be removed in v0.11. Use `ExaCore(concrete = Val(true))` for the immutable ExaCore. The default behavior for `ExaCore()` will change to return the immutable ExaCore in v0.11.
└ @ ExaModels ~/.julia/packages/ExaModels/b44x9/src/deprecated.jl:30
[ Info: Loading matpower file
┌ Warning: `ExaCore()` is deprecated, and will be removed in v0.11. Use `ExaCore(concrete = Val(true))` for the immutable ExaCore. The default behavior for `ExaCore()` will change to return the immutable ExaCore in v0.11.
└ @ ExaModels ~/.julia/packages/ExaModels/b44x9/src/deprecated.jl:30
[ Info: Loading matpower file
┌ Warning: `ExaCore()` is deprecated, and will be removed in v0.11. Use `ExaCore(concrete = Val(true))` for the immutable ExaCore. The default behavior for `ExaCore()` will change to return the immutable ExaCore in v0.11.
└ @ ExaModels ~/.julia/packages/ExaModels/b44x9/src/deprecated.jl:30
[ Info: Loading matpower file
┌ Warning: `ExaCore()` is deprecated, and will be removed in v0.11. Use `ExaCore(concrete = Val(true))` for the immutable ExaCore. The default behavior for `ExaCore()` will change to return the immutable ExaCore in v0.11.
└ @ ExaModels ~/.julia/packages/ExaModels/b44x9/src/deprecated.jl:30
[ Info: Loading matpower file
┌ Warning: `ExaCore()` is deprecated, and will be removed in v0.11. Use `ExaCore(concrete = Val(true))` for the immutable ExaCore. The default behavior for `ExaCore()` will change to return the immutable ExaCore in v0.11.
└ @ ExaModels ~/.julia/packages/ExaModels/b44x9/src/deprecated.jl:30
[ Info: Loading matpower file
┌ Warning: `ExaCore()` is deprecated, and will be removed in v0.11. Use `ExaCore(concrete = Val(true))` for the immutable ExaCore. The default behavior for `ExaCore()` will change to return the immutable ExaCore in v0.11.
└ @ ExaModels ~/.julia/packages/ExaModels/b44x9/src/deprecated.jl:30
[ Info: Loading matpower file
┌ Warning: `ExaCore()` is deprecated, and will be removed in v0.11. Use `ExaCore(concrete = Val(true))` for the immutable ExaCore. The default behavior for `ExaCore()` will change to return the immutable ExaCore in v0.11.
└ @ ExaModels ~/.julia/packages/ExaModels/b44x9/src/deprecated.jl:30
[ Info: Loading matpower file
┌ Warning: `ExaCore()` is deprecated, and will be removed in v0.11. Use `ExaCore(concrete = Val(true))` for the immutable ExaCore. The default behavior for `ExaCore()` will change to return the immutable ExaCore in v0.11.
└ @ ExaModels ~/.julia/packages/ExaModels/b44x9/src/deprecated.jl:30
[ Info: Loading matpower file
┌ Warning: `ExaCore()` is deprecated, and will be removed in v0.11. Use `ExaCore(concrete = Val(true))` for the immutable ExaCore. The default behavior for `ExaCore()` will change to return the immutable ExaCore in v0.11.
└ @ ExaModels ~/.julia/packages/ExaModels/b44x9/src/deprecated.jl:30
[ Info: Loading matpower file
┌ Warning: `ExaCore()` is deprecated, and will be removed in v0.11. Use `ExaCore(concrete = Val(true))` for the immutable ExaCore. The default behavior for `ExaCore()` will change to return the immutable ExaCore in v0.11.
└ @ ExaModels ~/.julia/packages/ExaModels/b44x9/src/deprecated.jl:30
[ Info: Loading matpower file
┌ Warning: `ExaCore()` is deprecated, and will be removed in v0.11. Use `ExaCore(concrete = Val(true))` for the immutable ExaCore. The default behavior for `ExaCore()` will change to return the immutable ExaCore in v0.11.
└ @ ExaModels ~/.julia/packages/ExaModels/b44x9/src/deprecated.jl:30
[ Info: Loading matpower file
┌ Warning: `ExaCore()` is deprecated, and will be removed in v0.11. Use `ExaCore(concrete = Val(true))` for the immutable ExaCore. The default behavior for `ExaCore()` will change to return the immutable ExaCore in v0.11.
└ @ ExaModels ~/.julia/packages/ExaModels/b44x9/src/deprecated.jl:30
[ Info: Loading matpower file
┌ Warning: `ExaCore()` is deprecated, and will be removed in v0.11. Use `ExaCore(concrete = Val(true))` for the immutable ExaCore. The default behavior for `ExaCore()` will change to return the immutable ExaCore in v0.11.
└ @ ExaModels ~/.julia/packages/ExaModels/b44x9/src/deprecated.jl:30
[ Info: Loading matpower file
┌ Warning: `ExaCore()` is deprecated, and will be removed in v0.11. Use `ExaCore(concrete = Val(true))` for the immutable ExaCore. The default behavior for `ExaCore()` will change to return the immutable ExaCore in v0.11.
└ @ ExaModels ~/.julia/packages/ExaModels/b44x9/src/deprecated.jl:30
[ Info: Loading matpower file
┌ Warning: `ExaCore()` is deprecated, and will be removed in v0.11. Use `ExaCore(concrete = Val(true))` for the immutable ExaCore. The default behavior for `ExaCore()` will change to return the immutable ExaCore in v0.11.
└ @ ExaModels ~/.julia/packages/ExaModels/b44x9/src/deprecated.jl:30
[ Info: Loading matpower file
┌ Warning: `ExaCore()` is deprecated, and will be removed in v0.11. Use `ExaCore(concrete = Val(true))` for the immutable ExaCore. The default behavior for `ExaCore()` will change to return the immutable ExaCore in v0.11.
└ @ ExaModels ~/.julia/packages/ExaModels/b44x9/src/deprecated.jl:30
[ Info: Loading matpower file
┌ Warning: `ExaCore()` is deprecated, and will be removed in v0.11. Use `ExaCore(concrete = Val(true))` for the immutable ExaCore. The default behavior for `ExaCore()` will change to return the immutable ExaCore in v0.11.
└ @ ExaModels ~/.julia/packages/ExaModels/b44x9/src/deprecated.jl:30
[ Info: Loading matpower file
┌ Warning: `ExaCore()` is deprecated, and will be removed in v0.11. Use `ExaCore(concrete = Val(true))` for the immutable ExaCore. The default behavior for `ExaCore()` will change to return the immutable ExaCore in v0.11.
└ @ ExaModels ~/.julia/packages/ExaModels/b44x9/src/deprecated.jl:30
[ Info: Loading matpower file
┌ Warning: `ExaCore()` is deprecated, and will be removed in v0.11. Use `ExaCore(concrete = Val(true))` for the immutable ExaCore. The default behavior for `ExaCore()` will change to return the immutable ExaCore in v0.11.
└ @ ExaModels ~/.julia/packages/ExaModels/b44x9/src/deprecated.jl:30
[ Info: Loading matpower file
┌ Warning: `ExaCore()` is deprecated, and will be removed in v0.11. Use `ExaCore(concrete = Val(true))` for the immutable ExaCore. The default behavior for `ExaCore()` will change to return the immutable ExaCore in v0.11.
└ @ ExaModels ~/.julia/packages/ExaModels/b44x9/src/deprecated.jl:30
[ Info: Loading matpower file
┌ Warning: `ExaCore()` is deprecated, and will be removed in v0.11. Use `ExaCore(concrete = Val(true))` for the immutable ExaCore. The default behavior for `ExaCore()` will change to return the immutable ExaCore in v0.11.
└ @ ExaModels ~/.julia/packages/ExaModels/b44x9/src/deprecated.jl:30
[ Info: Loading matpower file
┌ Warning: `ExaCore()` is deprecated, and will be removed in v0.11. Use `ExaCore(concrete = Val(true))` for the immutable ExaCore. The default behavior for `ExaCore()` will change to return the immutable ExaCore in v0.11.
└ @ ExaModels ~/.julia/packages/ExaModels/b44x9/src/deprecated.jl:30
[ Info: Loading matpower file
┌ Warning: `ExaCore()` is deprecated, and will be removed in v0.11. Use `ExaCore(concrete = Val(true))` for the immutable ExaCore. The default behavior for `ExaCore()` will change to return the immutable ExaCore in v0.11.
└ @ ExaModels ~/.julia/packages/ExaModels/b44x9/src/deprecated.jl:30
[ Info: Loading matpower file
┌ Warning: `ExaCore()` is deprecated, and will be removed in v0.11. Use `ExaCore(concrete = Val(true))` for the immutable ExaCore. The default behavior for `ExaCore()` will change to return the immutable ExaCore in v0.11.
└ @ ExaModels ~/.julia/packages/ExaModels/b44x9/src/deprecated.jl:30
[ Info: Loading matpower file
┌ Warning: `ExaCore()` is deprecated, and will be removed in v0.11. Use `ExaCore(concrete = Val(true))` for the immutable ExaCore. The default behavior for `ExaCore()` will change to return the immutable ExaCore in v0.11.
└ @ ExaModels ~/.julia/packages/ExaModels/b44x9/src/deprecated.jl:30
[ Info: Loading matpower file
┌ Warning: `ExaCore()` is deprecated, and will be removed in v0.11. Use `ExaCore(concrete = Val(true))` for the immutable ExaCore. The default behavior for `ExaCore()` will change to return the immutable ExaCore in v0.11.
└ @ ExaModels ~/.julia/packages/ExaModels/b44x9/src/deprecated.jl:30
[ Info: Loading matpower file
┌ Warning: `ExaCore()` is deprecated, and will be removed in v0.11. Use `ExaCore(concrete = Val(true))` for the immutable ExaCore. The default behavior for `ExaCore()` will change to return the immutable ExaCore in v0.11.
└ @ ExaModels ~/.julia/packages/ExaModels/b44x9/src/deprecated.jl:30
[ Info: Loading matpower file
┌ Warning: `ExaCore()` is deprecated, and will be removed in v0.11. Use `ExaCore(concrete = Val(true))` for the immutable ExaCore. The default behavior for `ExaCore()` will change to return the immutable ExaCore in v0.11.
└ @ ExaModels ~/.julia/packages/ExaModels/b44x9/src/deprecated.jl:30
[ Info: Loading matpower file
┌ Warning: `ExaCore()` is deprecated, and will be removed in v0.11. Use `ExaCore(concrete = Val(true))` for the immutable ExaCore. The default behavior for `ExaCore()` will change to return the immutable ExaCore in v0.11.
└ @ ExaModels ~/.julia/packages/ExaModels/b44x9/src/deprecated.jl:30
[ Info: Loading matpower file
┌ Warning: `ExaCore()` is deprecated, and will be removed in v0.11. Use `ExaCore(concrete = Val(true))` for the immutable ExaCore. The default behavior for `ExaCore()` will change to return the immutable ExaCore in v0.11.
└ @ ExaModels ~/.julia/packages/ExaModels/b44x9/src/deprecated.jl:30
[ Info: Loading matpower file
┌ Warning: `ExaCore()` is deprecated, and will be removed in v0.11. Use `ExaCore(concrete = Val(true))` for the immutable ExaCore. The default behavior for `ExaCore()` will change to return the immutable ExaCore in v0.11.
└ @ ExaModels ~/.julia/packages/ExaModels/b44x9/src/deprecated.jl:30
[ Info: Loading matpower file
┌ Warning: `ExaCore()` is deprecated, and will be removed in v0.11. Use `ExaCore(concrete = Val(true))` for the immutable ExaCore. The default behavior for `ExaCore()` will change to return the immutable ExaCore in v0.11.
└ @ ExaModels ~/.julia/packages/ExaModels/b44x9/src/deprecated.jl:30
[ Info: OPF ExaModels (polar): pglib_opf_case1354_pegase.m
[ Info: Loading matpower file
┌ Warning: `ExaCore()` is deprecated, and will be removed in v0.11. Use `ExaCore(concrete = Val(true))` for the immutable ExaCore. The default behavior for `ExaCore()` will change to return the immutable ExaCore in v0.11.
└ @ ExaModels ~/.julia/packages/ExaModels/b44x9/src/deprecated.jl:30
[ Info: Loading matpower file
┌ Warning: `ExaCore()` is deprecated, and will be removed in v0.11. Use `ExaCore(concrete = Val(true))` for the immutable ExaCore. The default behavior for `ExaCore()` will change to return the immutable ExaCore in v0.11.
└ @ ExaModels ~/.julia/packages/ExaModels/b44x9/src/deprecated.jl:30
[ Info: Loading matpower file
┌ Warning: `ExaCore()` is deprecated, and will be removed in v0.11. Use `ExaCore(concrete = Val(true))` for the immutable ExaCore. The default behavior for `ExaCore()` will change to return the immutable ExaCore in v0.11.
└ @ ExaModels ~/.julia/packages/ExaModels/b44x9/src/deprecated.jl:30
[ Info: Loading matpower file
┌ Warning: `ExaCore()` is deprecated, and will be removed in v0.11. Use `ExaCore(concrete = Val(true))` for the immutable ExaCore. The default behavior for `ExaCore()` will change to return the immutable ExaCore in v0.11.
└ @ ExaModels ~/.julia/packages/ExaModels/b44x9/src/deprecated.jl:30
[ Info: Loading matpower file
┌ Warning: `ExaCore()` is deprecated, and will be removed in v0.11. Use `ExaCore(concrete = Val(true))` for the immutable ExaCore. The default behavior for `ExaCore()` will change to return the immutable ExaCore in v0.11.
└ @ ExaModels ~/.julia/packages/ExaModels/b44x9/src/deprecated.jl:30
[ Info: Loading matpower file
┌ Warning: `ExaCore()` is deprecated, and will be removed in v0.11. Use `ExaCore(concrete = Val(true))` for the immutable ExaCore. The default behavior for `ExaCore()` will change to return the immutable ExaCore in v0.11.
└ @ ExaModels ~/.julia/packages/ExaModels/b44x9/src/deprecated.jl:30
[ Info: Loading matpower file
┌ Warning: `ExaCore()` is deprecated, and will be removed in v0.11. Use `ExaCore(concrete = Val(true))` for the immutable ExaCore. The default behavior for `ExaCore()` will change to return the immutable ExaCore in v0.11.
└ @ ExaModels ~/.julia/packages/ExaModels/b44x9/src/deprecated.jl:30
[ Info: Loading matpower file
┌ Warning: `ExaCore()` is deprecated, and will be removed in v0.11. Use `ExaCore(concrete = Val(true))` for the immutable ExaCore. The default behavior for `ExaCore()` will change to return the immutable ExaCore in v0.11.
└ @ ExaModels ~/.julia/packages/ExaModels/b44x9/src/deprecated.jl:30
[ Info: Loading matpower file
┌ Warning: `ExaCore()` is deprecated, and will be removed in v0.11. Use `ExaCore(concrete = Val(true))` for the immutable ExaCore. The default behavior for `ExaCore()` will change to return the immutable ExaCore in v0.11.
└ @ ExaModels ~/.julia/packages/ExaModels/b44x9/src/deprecated.jl:30
[ Info: Loading matpower file
┌ Warning: `ExaCore()` is deprecated, and will be removed in v0.11. Use `ExaCore(concrete = Val(true))` for the immutable ExaCore. The default behavior for `ExaCore()` will change to return the immutable ExaCore in v0.11.
└ @ ExaModels ~/.julia/packages/ExaModels/b44x9/src/deprecated.jl:30
[ Info: Loading matpower file
┌ Warning: `ExaCore()` is deprecated, and will be removed in v0.11. Use `ExaCore(concrete = Val(true))` for the immutable ExaCore. The default behavior for `ExaCore()` will change to return the immutable ExaCore in v0.11.
└ @ ExaModels ~/.julia/packages/ExaModels/b44x9/src/deprecated.jl:30
[ Info: Loading matpower file
┌ Warning: `ExaCore()` is deprecated, and will be removed in v0.11. Use `ExaCore(concrete = Val(true))` for the immutable ExaCore. The default behavior for `ExaCore()` will change to return the immutable ExaCore in v0.11.
└ @ ExaModels ~/.julia/packages/ExaModels/b44x9/src/deprecated.jl:30
[ Info: Loading matpower file
┌ Warning: `ExaCore()` is deprecated, and will be removed in v0.11. Use `ExaCore(concrete = Val(true))` for the immutable ExaCore. The default behavior for `ExaCore()` will change to return the immutable ExaCore in v0.11.
└ @ ExaModels ~/.julia/packages/ExaModels/b44x9/src/deprecated.jl:30
[ Info: Loading matpower file
┌ Warning: `ExaCore()` is deprecated, and will be removed in v0.11. Use `ExaCore(concrete = Val(true))` for the immutable ExaCore. The default behavior for `ExaCore()` will change to return the immutable ExaCore in v0.11.
└ @ ExaModels ~/.julia/packages/ExaModels/b44x9/src/deprecated.jl:30
[ Info: Loading matpower file
┌ Warning: `ExaCore()` is deprecated, and will be removed in v0.11. Use `ExaCore(concrete = Val(true))` for the immutable ExaCore. The default behavior for `ExaCore()` will change to return the immutable ExaCore in v0.11.
└ @ ExaModels ~/.julia/packages/ExaModels/b44x9/src/deprecated.jl:30
[ Info: Loading matpower file
┌ Warning: `ExaCore()` is deprecated, and will be removed in v0.11. Use `ExaCore(concrete = Val(true))` for the immutable ExaCore. The default behavior for `ExaCore()` will change to return the immutable ExaCore in v0.11.
└ @ ExaModels ~/.julia/packages/ExaModels/b44x9/src/deprecated.jl:30
[ Info: Loading matpower file
┌ Warning: `ExaCore()` is deprecated, and will be removed in v0.11. Use `ExaCore(concrete = Val(true))` for the immutable ExaCore. The default behavior for `ExaCore()` will change to return the immutable ExaCore in v0.11.
└ @ ExaModels ~/.julia/packages/ExaModels/b44x9/src/deprecated.jl:30
[ Info: Loading matpower file
┌ Warning: `ExaCore()` is deprecated, and will be removed in v0.11. Use `ExaCore(concrete = Val(true))` for the immutable ExaCore. The default behavior for `ExaCore()` will change to return the immutable ExaCore in v0.11.
└ @ ExaModels ~/.julia/packages/ExaModels/b44x9/src/deprecated.jl:30
[ Info: Loading matpower file
┌ Warning: `ExaCore()` is deprecated, and will be removed in v0.11. Use `ExaCore(concrete = Val(true))` for the immutable ExaCore. The default behavior for `ExaCore()` will change to return the immutable ExaCore in v0.11.
└ @ ExaModels ~/.julia/packages/ExaModels/b44x9/src/deprecated.jl:30
[ Info: Loading matpower file
┌ Warning: `ExaCore()` is deprecated, and will be removed in v0.11. Use `ExaCore(concrete = Val(true))` for the immutable ExaCore. The default behavior for `ExaCore()` will change to return the immutable ExaCore in v0.11.
└ @ ExaModels ~/.julia/packages/ExaModels/b44x9/src/deprecated.jl:30
[ Info: Loading matpower file
┌ Warning: `ExaCore()` is deprecated, and will be removed in v0.11. Use `ExaCore(concrete = Val(true))` for the immutable ExaCore. The default behavior for `ExaCore()` will change to return the immutable ExaCore in v0.11.
└ @ ExaModels ~/.julia/packages/ExaModels/b44x9/src/deprecated.jl:30
[ Info: Loading matpower file
┌ Warning: `ExaCore()` is deprecated, and will be removed in v0.11. Use `ExaCore(concrete = Val(true))` for the immutable ExaCore. The default behavior for `ExaCore()` will change to return the immutable ExaCore in v0.11.
└ @ ExaModels ~/.julia/packages/ExaModels/b44x9/src/deprecated.jl:30
[ Info: Loading matpower file
┌ Warning: `ExaCore()` is deprecated, and will be removed in v0.11. Use `ExaCore(concrete = Val(true))` for the immutable ExaCore. The default behavior for `ExaCore()` will change to return the immutable ExaCore in v0.11.
└ @ ExaModels ~/.julia/packages/ExaModels/b44x9/src/deprecated.jl:30
[ Info: Loading matpower file
┌ Warning: `ExaCore()` is deprecated, and will be removed in v0.11. Use `ExaCore(concrete = Val(true))` for the immutable ExaCore. The default behavior for `ExaCore()` will change to return the immutable ExaCore in v0.11.
└ @ ExaModels ~/.julia/packages/ExaModels/b44x9/src/deprecated.jl:30
[ Info: OPF ExaModels (polar): pglib_opf_case2869_pegase.m
[ Info: Loading matpower file
┌ Warning: `ExaCore()` is deprecated, and will be removed in v0.11. Use `ExaCore(concrete = Val(true))` for the immutable ExaCore. The default behavior for `ExaCore()` will change to return the immutable ExaCore in v0.11.
└ @ ExaModels ~/.julia/packages/ExaModels/b44x9/src/deprecated.jl:30
[ Info: Loading matpower file
┌ Warning: `ExaCore()` is deprecated, and will be removed in v0.11. Use `ExaCore(concrete = Val(true))` for the immutable ExaCore. The default behavior for `ExaCore()` will change to return the immutable ExaCore in v0.11.
└ @ ExaModels ~/.julia/packages/ExaModels/b44x9/src/deprecated.jl:30
[ Info: Loading matpower file
┌ Warning: `ExaCore()` is deprecated, and will be removed in v0.11. Use `ExaCore(concrete = Val(true))` for the immutable ExaCore. The default behavior for `ExaCore()` will change to return the immutable ExaCore in v0.11.
└ @ ExaModels ~/.julia/packages/ExaModels/b44x9/src/deprecated.jl:30
[ Info: Loading matpower file
┌ Warning: `ExaCore()` is deprecated, and will be removed in v0.11. Use `ExaCore(concrete = Val(true))` for the immutable ExaCore. The default behavior for `ExaCore()` will change to return the immutable ExaCore in v0.11.
└ @ ExaModels ~/.julia/packages/ExaModels/b44x9/src/deprecated.jl:30
[ Info: Loading matpower file
┌ Warning: `ExaCore()` is deprecated, and will be removed in v0.11. Use `ExaCore(concrete = Val(true))` for the immutable ExaCore. The default behavior for `ExaCore()` will change to return the immutable ExaCore in v0.11.
└ @ ExaModels ~/.julia/packages/ExaModels/b44x9/src/deprecated.jl:30
[ Info: Loading matpower file
┌ Warning: `ExaCore()` is deprecated, and will be removed in v0.11. Use `ExaCore(concrete = Val(true))` for the immutable ExaCore. The default behavior for `ExaCore()` will change to return the immutable ExaCore in v0.11.
└ @ ExaModels ~/.julia/packages/ExaModels/b44x9/src/deprecated.jl:30
[ Info: Loading matpower file
┌ Warning: `ExaCore()` is deprecated, and will be removed in v0.11. Use `ExaCore(concrete = Val(true))` for the immutable ExaCore. The default behavior for `ExaCore()` will change to return the immutable ExaCore in v0.11.
└ @ ExaModels ~/.julia/packages/ExaModels/b44x9/src/deprecated.jl:30
[ Info: Loading matpower file
┌ Warning: `ExaCore()` is deprecated, and will be removed in v0.11. Use `ExaCore(concrete = Val(true))` for the immutable ExaCore. The default behavior for `ExaCore()` will change to return the immutable ExaCore in v0.11.
└ @ ExaModels ~/.julia/packages/ExaModels/b44x9/src/deprecated.jl:30
[ Info: Loading matpower file
┌ Warning: `ExaCore()` is deprecated, and will be removed in v0.11. Use `ExaCore(concrete = Val(true))` for the immutable ExaCore. The default behavior for `ExaCore()` will change to return the immutable ExaCore in v0.11.
└ @ ExaModels ~/.julia/packages/ExaModels/b44x9/src/deprecated.jl:30
[ Info: Loading matpower file
┌ Warning: `ExaCore()` is deprecated, and will be removed in v0.11. Use `ExaCore(concrete = Val(true))` for the immutable ExaCore. The default behavior for `ExaCore()` will change to return the immutable ExaCore in v0.11.
└ @ ExaModels ~/.julia/packages/ExaModels/b44x9/src/deprecated.jl:30
[ Info: Loading matpower file
┌ Warning: `ExaCore()` is deprecated, and will be removed in v0.11. Use `ExaCore(concrete = Val(true))` for the immutable ExaCore. The default behavior for `ExaCore()` will change to return the immutable ExaCore in v0.11.
└ @ ExaModels ~/.julia/packages/ExaModels/b44x9/src/deprecated.jl:30
[ Info: Loading matpower file
┌ Warning: `ExaCore()` is deprecated, and will be removed in v0.11. Use `ExaCore(concrete = Val(true))` for the immutable ExaCore. The default behavior for `ExaCore()` will change to return the immutable ExaCore in v0.11.
└ @ ExaModels ~/.julia/packages/ExaModels/b44x9/src/deprecated.jl:30
[ Info: Loading matpower file
┌ Warning: `ExaCore()` is deprecated, and will be removed in v0.11. Use `ExaCore(concrete = Val(true))` for the immutable ExaCore. The default behavior for `ExaCore()` will change to return the immutable ExaCore in v0.11.
└ @ ExaModels ~/.julia/packages/ExaModels/b44x9/src/deprecated.jl:30
[ Info: Loading matpower file
┌ Warning: `ExaCore()` is deprecated, and will be removed in v0.11. Use `ExaCore(concrete = Val(true))` for the immutable ExaCore. The default behavior for `ExaCore()` will change to return the immutable ExaCore in v0.11.
└ @ ExaModels ~/.julia/packages/ExaModels/b44x9/src/deprecated.jl:30
[ Info: OPF ExaModels (polar): pglib_opf_case9241_pegase.m
[ Info: Loading matpower file
┌ Warning: `ExaCore()` is deprecated, and will be removed in v0.11. Use `ExaCore(concrete = Val(true))` for the immutable ExaCore. The default behavior for `ExaCore()` will change to return the immutable ExaCore in v0.11.
└ @ ExaModels ~/.julia/packages/ExaModels/b44x9/src/deprecated.jl:30
[ Info: Loading matpower file
┌ Warning: `ExaCore()` is deprecated, and will be removed in v0.11. Use `ExaCore(concrete = Val(true))` for the immutable ExaCore. The default behavior for `ExaCore()` will change to return the immutable ExaCore in v0.11.
└ @ ExaModels ~/.julia/packages/ExaModels/b44x9/src/deprecated.jl:30
[ Info: Loading matpower file
┌ Warning: `ExaCore()` is deprecated, and will be removed in v0.11. Use `ExaCore(concrete = Val(true))` for the immutable ExaCore. The default behavior for `ExaCore()` will change to return the immutable ExaCore in v0.11.
└ @ ExaModels ~/.julia/packages/ExaModels/b44x9/src/deprecated.jl:30
[ Info: Loading matpower file
┌ Warning: `ExaCore()` is deprecated, and will be removed in v0.11. Use `ExaCore(concrete = Val(true))` for the immutable ExaCore. The default behavior for `ExaCore()` will change to return the immutable ExaCore in v0.11.
└ @ ExaModels ~/.julia/packages/ExaModels/b44x9/src/deprecated.jl:30
[ Info: Loading matpower file
┌ Warning: `ExaCore()` is deprecated, and will be removed in v0.11. Use `ExaCore(concrete = Val(true))` for the immutable ExaCore. The default behavior for `ExaCore()` will change to return the immutable ExaCore in v0.11.
└ @ ExaModels ~/.julia/packages/ExaModels/b44x9/src/deprecated.jl:30
[ Info: Loading matpower file
┌ Warning: `ExaCore()` is deprecated, and will be removed in v0.11. Use `ExaCore(concrete = Val(true))` for the immutable ExaCore. The default behavior for `ExaCore()` will change to return the immutable ExaCore in v0.11.
└ @ ExaModels ~/.julia/packages/ExaModels/b44x9/src/deprecated.jl:30
[ Info: OPF ExaModels (rect): pglib_opf_case118_ieee.m
[ Info: Loading matpower file
┌ Warning: `ExaCore()` is deprecated, and will be removed in v0.11. Use `ExaCore(concrete = Val(true))` for the immutable ExaCore. The default behavior for `ExaCore()` will change to return the immutable ExaCore in v0.11.
└ @ ExaModels ~/.julia/packages/ExaModels/b44x9/src/deprecated.jl:30
[ Info: Loading matpower file
┌ Warning: `ExaCore()` is deprecated, and will be removed in v0.11. Use `ExaCore(concrete = Val(true))` for the immutable ExaCore. The default behavior for `ExaCore()` will change to return the immutable ExaCore in v0.11.
└ @ ExaModels ~/.julia/packages/ExaModels/b44x9/src/deprecated.jl:30
[ Info: Loading matpower file
┌ Warning: `ExaCore()` is deprecated, and will be removed in v0.11. Use `ExaCore(concrete = Val(true))` for the immutable ExaCore. The default behavior for `ExaCore()` will change to return the immutable ExaCore in v0.11.
└ @ ExaModels ~/.julia/packages/ExaModels/b44x9/src/deprecated.jl:30
[ Info: Loading matpower file
┌ Warning: `ExaCore()` is deprecated, and will be removed in v0.11. Use `ExaCore(concrete = Val(true))` for the immutable ExaCore. The default behavior for `ExaCore()` will change to return the immutable ExaCore in v0.11.
└ @ ExaModels ~/.julia/packages/ExaModels/b44x9/src/deprecated.jl:30
[ Info: Loading matpower file
┌ Warning: `ExaCore()` is deprecated, and will be removed in v0.11. Use `ExaCore(concrete = Val(true))` for the immutable ExaCore. The default behavior for `ExaCore()` will change to return the immutable ExaCore in v0.11.
└ @ ExaModels ~/.julia/packages/ExaModels/b44x9/src/deprecated.jl:30
[ Info: Loading matpower file
┌ Warning: `ExaCore()` is deprecated, and will be removed in v0.11. Use `ExaCore(concrete = Val(true))` for the immutable ExaCore. The default behavior for `ExaCore()` will change to return the immutable ExaCore in v0.11.
└ @ ExaModels ~/.julia/packages/ExaModels/b44x9/src/deprecated.jl:30
[ Info: Loading matpower file
┌ Warning: `ExaCore()` is deprecated, and will be removed in v0.11. Use `ExaCore(concrete = Val(true))` for the immutable ExaCore. The default behavior for `ExaCore()` will change to return the immutable ExaCore in v0.11.
└ @ ExaModels ~/.julia/packages/ExaModels/b44x9/src/deprecated.jl:30
[ Info: Loading matpower file
┌ Warning: `ExaCore()` is deprecated, and will be removed in v0.11. Use `ExaCore(concrete = Val(true))` for the immutable ExaCore. The default behavior for `ExaCore()` will change to return the immutable ExaCore in v0.11.
└ @ ExaModels ~/.julia/packages/ExaModels/b44x9/src/deprecated.jl:30
[ Info: Loading matpower file
┌ Warning: `ExaCore()` is deprecated, and will be removed in v0.11. Use `ExaCore(concrete = Val(true))` for the immutable ExaCore. The default behavior for `ExaCore()` will change to return the immutable ExaCore in v0.11.
└ @ ExaModels ~/.julia/packages/ExaModels/b44x9/src/deprecated.jl:30
[ Info: Loading matpower file
┌ Warning: `ExaCore()` is deprecated, and will be removed in v0.11. Use `ExaCore(concrete = Val(true))` for the immutable ExaCore. The default behavior for `ExaCore()` will change to return the immutable ExaCore in v0.11.
└ @ ExaModels ~/.julia/packages/ExaModels/b44x9/src/deprecated.jl:30
[ Info: Loading matpower file
┌ Warning: `ExaCore()` is deprecated, and will be removed in v0.11. Use `ExaCore(concrete = Val(true))` for the immutable ExaCore. The default behavior for `ExaCore()` will change to return the immutable ExaCore in v0.11.
└ @ ExaModels ~/.julia/packages/ExaModels/b44x9/src/deprecated.jl:30
[ Info: Loading matpower file
┌ Warning: `ExaCore()` is deprecated, and will be removed in v0.11. Use `ExaCore(concrete = Val(true))` for the immutable ExaCore. The default behavior for `ExaCore()` will change to return the immutable ExaCore in v0.11.
└ @ ExaModels ~/.julia/packages/ExaModels/b44x9/src/deprecated.jl:30
[ Info: Loading matpower file
┌ Warning: `ExaCore()` is deprecated, and will be removed in v0.11. Use `ExaCore(concrete = Val(true))` for the immutable ExaCore. The default behavior for `ExaCore()` will change to return the immutable ExaCore in v0.11.
└ @ ExaModels ~/.julia/packages/ExaModels/b44x9/src/deprecated.jl:30
[ Info: Loading matpower file
┌ Warning: `ExaCore()` is deprecated, and will be removed in v0.11. Use `ExaCore(concrete = Val(true))` for the immutable ExaCore. The default behavior for `ExaCore()` will change to return the immutable ExaCore in v0.11.
└ @ ExaModels ~/.julia/packages/ExaModels/b44x9/src/deprecated.jl:30
[ Info: Loading matpower file
┌ Warning: `ExaCore()` is deprecated, and will be removed in v0.11. Use `ExaCore(concrete = Val(true))` for the immutable ExaCore. The default behavior for `ExaCore()` will change to return the immutable ExaCore in v0.11.
└ @ ExaModels ~/.julia/packages/ExaModels/b44x9/src/deprecated.jl:30
[ Info: Loading matpower file
┌ Warning: `ExaCore()` is deprecated, and will be removed in v0.11. Use `ExaCore(concrete = Val(true))` for the immutable ExaCore. The default behavior for `ExaCore()` will change to return the immutable ExaCore in v0.11.
└ @ ExaModels ~/.julia/packages/ExaModels/b44x9/src/deprecated.jl:30
[ Info: Loading matpower file
┌ Warning: `ExaCore()` is deprecated, and will be removed in v0.11. Use `ExaCore(concrete = Val(true))` for the immutable ExaCore. The default behavior for `ExaCore()` will change to return the immutable ExaCore in v0.11.
└ @ ExaModels ~/.julia/packages/ExaModels/b44x9/src/deprecated.jl:30
[ Info: Loading matpower file
┌ Warning: `ExaCore()` is deprecated, and will be removed in v0.11. Use `ExaCore(concrete = Val(true))` for the immutable ExaCore. The default behavior for `ExaCore()` will change to return the immutable ExaCore in v0.11.
└ @ ExaModels ~/.julia/packages/ExaModels/b44x9/src/deprecated.jl:30
[ Info: Loading matpower file
┌ Warning: `ExaCore()` is deprecated, and will be removed in v0.11. Use `ExaCore(concrete = Val(true))` for the immutable ExaCore. The default behavior for `ExaCore()` will change to return the immutable ExaCore in v0.11.
└ @ ExaModels ~/.julia/packages/ExaModels/b44x9/src/deprecated.jl:30
[ Info: Loading matpower file
┌ Warning: `ExaCore()` is deprecated, and will be removed in v0.11. Use `ExaCore(concrete = Val(true))` for the immutable ExaCore. The default behavior for `ExaCore()` will change to return the immutable ExaCore in v0.11.
└ @ ExaModels ~/.julia/packages/ExaModels/b44x9/src/deprecated.jl:30
[ Info: Loading matpower file
┌ Warning: `ExaCore()` is deprecated, and will be removed in v0.11. Use `ExaCore(concrete = Val(true))` for the immutable ExaCore. The default behavior for `ExaCore()` will change to return the immutable ExaCore in v0.11.
└ @ ExaModels ~/.julia/packages/ExaModels/b44x9/src/deprecated.jl:30
[ Info: Loading matpower file
┌ Warning: `ExaCore()` is deprecated, and will be removed in v0.11. Use `ExaCore(concrete = Val(true))` for the immutable ExaCore. The default behavior for `ExaCore()` will change to return the immutable ExaCore in v0.11.
└ @ ExaModels ~/.julia/packages/ExaModels/b44x9/src/deprecated.jl:30
[ Info: Loading matpower file
┌ Warning: `ExaCore()` is deprecated, and will be removed in v0.11. Use `ExaCore(concrete = Val(true))` for the immutable ExaCore. The default behavior for `ExaCore()` will change to return the immutable ExaCore in v0.11.
└ @ ExaModels ~/.julia/packages/ExaModels/b44x9/src/deprecated.jl:30
[ Info: Loading matpower file
┌ Warning: `ExaCore()` is deprecated, and will be removed in v0.11. Use `ExaCore(concrete = Val(true))` for the immutable ExaCore. The default behavior for `ExaCore()` will change to return the immutable ExaCore in v0.11.
└ @ ExaModels ~/.julia/packages/ExaModels/b44x9/src/deprecated.jl:30
[ Info: Loading matpower file
┌ Warning: `ExaCore()` is deprecated, and will be removed in v0.11. Use `ExaCore(concrete = Val(true))` for the immutable ExaCore. The default behavior for `ExaCore()` will change to return the immutable ExaCore in v0.11.
└ @ ExaModels ~/.julia/packages/ExaModels/b44x9/src/deprecated.jl:30
[ Info: Loading matpower file
┌ Warning: `ExaCore()` is deprecated, and will be removed in v0.11. Use `ExaCore(concrete = Val(true))` for the immutable ExaCore. The default behavior for `ExaCore()` will change to return the immutable ExaCore in v0.11.
└ @ ExaModels ~/.julia/packages/ExaModels/b44x9/src/deprecated.jl:30
[ Info: Loading matpower file
┌ Warning: `ExaCore()` is deprecated, and will be removed in v0.11. Use `ExaCore(concrete = Val(true))` for the immutable ExaCore. The default behavior for `ExaCore()` will change to return the immutable ExaCore in v0.11.
└ @ ExaModels ~/.julia/packages/ExaModels/b44x9/src/deprecated.jl:30
[ Info: Loading matpower file
┌ Warning: `ExaCore()` is deprecated, and will be removed in v0.11. Use `ExaCore(concrete = Val(true))` for the immutable ExaCore. The default behavior for `ExaCore()` will change to return the immutable ExaCore in v0.11.
└ @ ExaModels ~/.julia/packages/ExaModels/b44x9/src/deprecated.jl:30
[ Info: Loading matpower file
┌ Warning: `ExaCore()` is deprecated, and will be removed in v0.11. Use `ExaCore(concrete = Val(true))` for the immutable ExaCore. The default behavior for `ExaCore()` will change to return the immutable ExaCore in v0.11.
└ @ ExaModels ~/.julia/packages/ExaModels/b44x9/src/deprecated.jl:30
[ Info: Loading matpower file
┌ Warning: `ExaCore()` is deprecated, and will be removed in v0.11. Use `ExaCore(concrete = Val(true))` for the immutable ExaCore. The default behavior for `ExaCore()` will change to return the immutable ExaCore in v0.11.
└ @ ExaModels ~/.julia/packages/ExaModels/b44x9/src/deprecated.jl:30
[ Info: Loading matpower file
┌ Warning: `ExaCore()` is deprecated, and will be removed in v0.11. Use `ExaCore(concrete = Val(true))` for the immutable ExaCore. The default behavior for `ExaCore()` will change to return the immutable ExaCore in v0.11.
└ @ ExaModels ~/.julia/packages/ExaModels/b44x9/src/deprecated.jl:30
[ Info: Loading matpower file
┌ Warning: `ExaCore()` is deprecated, and will be removed in v0.11. Use `ExaCore(concrete = Val(true))` for the immutable ExaCore. The default behavior for `ExaCore()` will change to return the immutable ExaCore in v0.11.
└ @ ExaModels ~/.julia/packages/ExaModels/b44x9/src/deprecated.jl:30
[ Info: Loading matpower file
┌ Warning: `ExaCore()` is deprecated, and will be removed in v0.11. Use `ExaCore(concrete = Val(true))` for the immutable ExaCore. The default behavior for `ExaCore()` will change to return the immutable ExaCore in v0.11.
└ @ ExaModels ~/.julia/packages/ExaModels/b44x9/src/deprecated.jl:30
[ Info: Loading matpower file
┌ Warning: `ExaCore()` is deprecated, and will be removed in v0.11. Use `ExaCore(concrete = Val(true))` for the immutable ExaCore. The default behavior for `ExaCore()` will change to return the immutable ExaCore in v0.11.
└ @ ExaModels ~/.julia/packages/ExaModels/b44x9/src/deprecated.jl:30
[ Info: Loading matpower file
┌ Warning: `ExaCore()` is deprecated, and will be removed in v0.11. Use `ExaCore(concrete = Val(true))` for the immutable ExaCore. The default behavior for `ExaCore()` will change to return the immutable ExaCore in v0.11.
└ @ ExaModels ~/.julia/packages/ExaModels/b44x9/src/deprecated.jl:30
[ Info: Loading matpower file
┌ Warning: `ExaCore()` is deprecated, and will be removed in v0.11. Use `ExaCore(concrete = Val(true))` for the immutable ExaCore. The default behavior for `ExaCore()` will change to return the immutable ExaCore in v0.11.
└ @ ExaModels ~/.julia/packages/ExaModels/b44x9/src/deprecated.jl:30
[ Info: Loading matpower file
┌ Warning: `ExaCore()` is deprecated, and will be removed in v0.11. Use `ExaCore(concrete = Val(true))` for the immutable ExaCore. The default behavior for `ExaCore()` will change to return the immutable ExaCore in v0.11.
└ @ ExaModels ~/.julia/packages/ExaModels/b44x9/src/deprecated.jl:30
[ Info: Loading matpower file
┌ Warning: `ExaCore()` is deprecated, and will be removed in v0.11. Use `ExaCore(concrete = Val(true))` for the immutable ExaCore. The default behavior for `ExaCore()` will change to return the immutable ExaCore in v0.11.
└ @ ExaModels ~/.julia/packages/ExaModels/b44x9/src/deprecated.jl:30
[ Info: Loading matpower file
┌ Warning: `ExaCore()` is deprecated, and will be removed in v0.11. Use `ExaCore(concrete = Val(true))` for the immutable ExaCore. The default behavior for `ExaCore()` will change to return the immutable ExaCore in v0.11.
└ @ ExaModels ~/.julia/packages/ExaModels/b44x9/src/deprecated.jl:30
[ Info: Loading matpower file
┌ Warning: `ExaCore()` is deprecated, and will be removed in v0.11. Use `ExaCore(concrete = Val(true))` for the immutable ExaCore. The default behavior for `ExaCore()` will change to return the immutable ExaCore in v0.11.
└ @ ExaModels ~/.julia/packages/ExaModels/b44x9/src/deprecated.jl:30
[ Info: Loading matpower file
┌ Warning: `ExaCore()` is deprecated, and will be removed in v0.11. Use `ExaCore(concrete = Val(true))` for the immutable ExaCore. The default behavior for `ExaCore()` will change to return the immutable ExaCore in v0.11.
└ @ ExaModels ~/.julia/packages/ExaModels/b44x9/src/deprecated.jl:30
[ Info: Loading matpower file
┌ Warning: `ExaCore()` is deprecated, and will be removed in v0.11. Use `ExaCore(concrete = Val(true))` for the immutable ExaCore. The default behavior for `ExaCore()` will change to return the immutable ExaCore in v0.11.
└ @ ExaModels ~/.julia/packages/ExaModels/b44x9/src/deprecated.jl:30
[ Info: Loading matpower file
┌ Warning: `ExaCore()` is deprecated, and will be removed in v0.11. Use `ExaCore(concrete = Val(true))` for the immutable ExaCore. The default behavior for `ExaCore()` will change to return the immutable ExaCore in v0.11.
└ @ ExaModels ~/.julia/packages/ExaModels/b44x9/src/deprecated.jl:30
[ Info: Loading matpower file
┌ Warning: `ExaCore()` is deprecated, and will be removed in v0.11. Use `ExaCore(concrete = Val(true))` for the immutable ExaCore. The default behavior for `ExaCore()` will change to return the immutable ExaCore in v0.11.
└ @ ExaModels ~/.julia/packages/ExaModels/b44x9/src/deprecated.jl:30
[ Info: Loading matpower file
┌ Warning: `ExaCore()` is deprecated, and will be removed in v0.11. Use `ExaCore(concrete = Val(true))` for the immutable ExaCore. The default behavior for `ExaCore()` will change to return the immutable ExaCore in v0.11.
└ @ ExaModels ~/.julia/packages/ExaModels/b44x9/src/deprecated.jl:30
[ Info: Loading matpower file
┌ Warning: `ExaCore()` is deprecated, and will be removed in v0.11. Use `ExaCore(concrete = Val(true))` for the immutable ExaCore. The default behavior for `ExaCore()` will change to return the immutable ExaCore in v0.11.
└ @ ExaModels ~/.julia/packages/ExaModels/b44x9/src/deprecated.jl:30
[ Info: Loading matpower file
┌ Warning: `ExaCore()` is deprecated, and will be removed in v0.11. Use `ExaCore(concrete = Val(true))` for the immutable ExaCore. The default behavior for `ExaCore()` will change to return the immutable ExaCore in v0.11.
└ @ ExaModels ~/.julia/packages/ExaModels/b44x9/src/deprecated.jl:30
[ Info: Loading matpower file
┌ Warning: `ExaCore()` is deprecated, and will be removed in v0.11. Use `ExaCore(concrete = Val(true))` for the immutable ExaCore. The default behavior for `ExaCore()` will change to return the immutable ExaCore in v0.11.
└ @ ExaModels ~/.julia/packages/ExaModels/b44x9/src/deprecated.jl:30
[ Info: Loading matpower file
┌ Warning: `ExaCore()` is deprecated, and will be removed in v0.11. Use `ExaCore(concrete = Val(true))` for the immutable ExaCore. The default behavior for `ExaCore()` will change to return the immutable ExaCore in v0.11.
└ @ ExaModels ~/.julia/packages/ExaModels/b44x9/src/deprecated.jl:30
[ Info: Loading matpower file
┌ Warning: `ExaCore()` is deprecated, and will be removed in v0.11. Use `ExaCore(concrete = Val(true))` for the immutable ExaCore. The default behavior for `ExaCore()` will change to return the immutable ExaCore in v0.11.
└ @ ExaModels ~/.julia/packages/ExaModels/b44x9/src/deprecated.jl:30
[ Info: Loading matpower file
┌ Warning: `ExaCore()` is deprecated, and will be removed in v0.11. Use `ExaCore(concrete = Val(true))` for the immutable ExaCore. The default behavior for `ExaCore()` will change to return the immutable ExaCore in v0.11.
└ @ ExaModels ~/.julia/packages/ExaModels/b44x9/src/deprecated.jl:30
[ Info: Loading matpower file
┌ Warning: `ExaCore()` is deprecated, and will be removed in v0.11. Use `ExaCore(concrete = Val(true))` for the immutable ExaCore. The default behavior for `ExaCore()` will change to return the immutable ExaCore in v0.11.
└ @ ExaModels ~/.julia/packages/ExaModels/b44x9/src/deprecated.jl:30
[ Info: Loading matpower file
┌ Warning: `ExaCore()` is deprecated, and will be removed in v0.11. Use `ExaCore(concrete = Val(true))` for the immutable ExaCore. The default behavior for `ExaCore()` will change to return the immutable ExaCore in v0.11.
└ @ ExaModels ~/.julia/packages/ExaModels/b44x9/src/deprecated.jl:30
[ Info: Loading matpower file
┌ Warning: `ExaCore()` is deprecated, and will be removed in v0.11. Use `ExaCore(concrete = Val(true))` for the immutable ExaCore. The default behavior for `ExaCore()` will change to return the immutable ExaCore in v0.11.
└ @ ExaModels ~/.julia/packages/ExaModels/b44x9/src/deprecated.jl:30
[ Info: Loading matpower file
┌ Warning: `ExaCore()` is deprecated, and will be removed in v0.11. Use `ExaCore(concrete = Val(true))` for the immutable ExaCore. The default behavior for `ExaCore()` will change to return the immutable ExaCore in v0.11.
└ @ ExaModels ~/.julia/packages/ExaModels/b44x9/src/deprecated.jl:30
[ Info: Loading matpower file
┌ Warning: `ExaCore()` is deprecated, and will be removed in v0.11. Use `ExaCore(concrete = Val(true))` for the immutable ExaCore. The default behavior for `ExaCore()` will change to return the immutable ExaCore in v0.11.
└ @ ExaModels ~/.julia/packages/ExaModels/b44x9/src/deprecated.jl:30
[ Info: Loading matpower file
┌ Warning: `ExaCore()` is deprecated, and will be removed in v0.11. Use `ExaCore(concrete = Val(true))` for the immutable ExaCore. The default behavior for `ExaCore()` will change to return the immutable ExaCore in v0.11.
└ @ ExaModels ~/.julia/packages/ExaModels/b44x9/src/deprecated.jl:30
[ Info: Loading matpower file
┌ Warning: `ExaCore()` is deprecated, and will be removed in v0.11. Use `ExaCore(concrete = Val(true))` for the immutable ExaCore. The default behavior for `ExaCore()` will change to return the immutable ExaCore in v0.11.
└ @ ExaModels ~/.julia/packages/ExaModels/b44x9/src/deprecated.jl:30
[ Info: Loading matpower file
┌ Warning: `ExaCore()` is deprecated, and will be removed in v0.11. Use `ExaCore(concrete = Val(true))` for the immutable ExaCore. The default behavior for `ExaCore()` will change to return the immutable ExaCore in v0.11.
└ @ ExaModels ~/.julia/packages/ExaModels/b44x9/src/deprecated.jl:30
[ Info: Loading matpower file
┌ Warning: `ExaCore()` is deprecated, and will be removed in v0.11. Use `ExaCore(concrete = Val(true))` for the immutable ExaCore. The default behavior for `ExaCore()` will change to return the immutable ExaCore in v0.11.
└ @ ExaModels ~/.julia/packages/ExaModels/b44x9/src/deprecated.jl:30
[ Info: Loading matpower file
┌ Warning: `ExaCore()` is deprecated, and will be removed in v0.11. Use `ExaCore(concrete = Val(true))` for the immutable ExaCore. The default behavior for `ExaCore()` will change to return the immutable ExaCore in v0.11.
└ @ ExaModels ~/.julia/packages/ExaModels/b44x9/src/deprecated.jl:30
[ Info: Loading matpower file
┌ Warning: `ExaCore()` is deprecated, and will be removed in v0.11. Use `ExaCore(concrete = Val(true))` for the immutable ExaCore. The default behavior for `ExaCore()` will change to return the immutable ExaCore in v0.11.
└ @ ExaModels ~/.julia/packages/ExaModels/b44x9/src/deprecated.jl:30
[ Info: Loading matpower file
┌ Warning: `ExaCore()` is deprecated, and will be removed in v0.11. Use `ExaCore(concrete = Val(true))` for the immutable ExaCore. The default behavior for `ExaCore()` will change to return the immutable ExaCore in v0.11.
└ @ ExaModels ~/.julia/packages/ExaModels/b44x9/src/deprecated.jl:30
[ Info: Loading matpower file
┌ Warning: `ExaCore()` is deprecated, and will be removed in v0.11. Use `ExaCore(concrete = Val(true))` for the immutable ExaCore. The default behavior for `ExaCore()` will change to return the immutable ExaCore in v0.11.
└ @ ExaModels ~/.julia/packages/ExaModels/b44x9/src/deprecated.jl:30
[ Info: Loading matpower file
┌ Warning: `ExaCore()` is deprecated, and will be removed in v0.11. Use `ExaCore(concrete = Val(true))` for the immutable ExaCore. The default behavior for `ExaCore()` will change to return the immutable ExaCore in v0.11.
└ @ ExaModels ~/.julia/packages/ExaModels/b44x9/src/deprecated.jl:30
[ Info: Loading matpower file
┌ Warning: `ExaCore()` is deprecated, and will be removed in v0.11. Use `ExaCore(concrete = Val(true))` for the immutable ExaCore. The default behavior for `ExaCore()` will change to return the immutable ExaCore in v0.11.
└ @ ExaModels ~/.julia/packages/ExaModels/b44x9/src/deprecated.jl:30
[ Info: Loading matpower file
┌ Warning: `ExaCore()` is deprecated, and will be removed in v0.11. Use `ExaCore(concrete = Val(true))` for the immutable ExaCore. The default behavior for `ExaCore()` will change to return the immutable ExaCore in v0.11.
└ @ ExaModels ~/.julia/packages/ExaModels/b44x9/src/deprecated.jl:30
[ Info: Loading matpower file
┌ Warning: `ExaCore()` is deprecated, and will be removed in v0.11. Use `ExaCore(concrete = Val(true))` for the immutable ExaCore. The default behavior for `ExaCore()` will change to return the immutable ExaCore in v0.11.
└ @ ExaModels ~/.julia/packages/ExaModels/b44x9/src/deprecated.jl:30
[ Info: Loading matpower file
┌ Warning: `ExaCore()` is deprecated, and will be removed in v0.11. Use `ExaCore(concrete = Val(true))` for the immutable ExaCore. The default behavior for `ExaCore()` will change to return the immutable ExaCore in v0.11.
└ @ ExaModels ~/.julia/packages/ExaModels/b44x9/src/deprecated.jl:30
[ Info: Loading matpower file
┌ Warning: `ExaCore()` is deprecated, and will be removed in v0.11. Use `ExaCore(concrete = Val(true))` for the immutable ExaCore. The default behavior for `ExaCore()` will change to return the immutable ExaCore in v0.11.
└ @ ExaModels ~/.julia/packages/ExaModels/b44x9/src/deprecated.jl:30
[ Info: Loading matpower file
┌ Warning: `ExaCore()` is deprecated, and will be removed in v0.11. Use `ExaCore(concrete = Val(true))` for the immutable ExaCore. The default behavior for `ExaCore()` will change to return the immutable ExaCore in v0.11.
└ @ ExaModels ~/.julia/packages/ExaModels/b44x9/src/deprecated.jl:30
[ Info: Loading matpower file
┌ Warning: `ExaCore()` is deprecated, and will be removed in v0.11. Use `ExaCore(concrete = Val(true))` for the immutable ExaCore. The default behavior for `ExaCore()` will change to return the immutable ExaCore in v0.11.
└ @ ExaModels ~/.julia/packages/ExaModels/b44x9/src/deprecated.jl:30
[ Info: Loading matpower file
┌ Warning: `ExaCore()` is deprecated, and will be removed in v0.11. Use `ExaCore(concrete = Val(true))` for the immutable ExaCore. The default behavior for `ExaCore()` will change to return the immutable ExaCore in v0.11.
└ @ ExaModels ~/.julia/packages/ExaModels/b44x9/src/deprecated.jl:30
[ Info: Loading matpower file
┌ Warning: `ExaCore()` is deprecated, and will be removed in v0.11. Use `ExaCore(concrete = Val(true))` for the immutable ExaCore. The default behavior for `ExaCore()` will change to return the immutable ExaCore in v0.11.
└ @ ExaModels ~/.julia/packages/ExaModels/b44x9/src/deprecated.jl:30
[ Info: Loading matpower file
┌ Warning: `ExaCore()` is deprecated, and will be removed in v0.11. Use `ExaCore(concrete = Val(true))` for the immutable ExaCore. The default behavior for `ExaCore()` will change to return the immutable ExaCore in v0.11.
└ @ ExaModels ~/.julia/packages/ExaModels/b44x9/src/deprecated.jl:30
[ Info: Loading matpower file
┌ Warning: `ExaCore()` is deprecated, and will be removed in v0.11. Use `ExaCore(concrete = Val(true))` for the immutable ExaCore. The default behavior for `ExaCore()` will change to return the immutable ExaCore in v0.11.
└ @ ExaModels ~/.julia/packages/ExaModels/b44x9/src/deprecated.jl:30
[ Info: Loading matpower file
┌ Warning: `ExaCore()` is deprecated, and will be removed in v0.11. Use `ExaCore(concrete = Val(true))` for the immutable ExaCore. The default behavior for `ExaCore()` will change to return the immutable ExaCore in v0.11.
└ @ ExaModels ~/.julia/packages/ExaModels/b44x9/src/deprecated.jl:30
[ Info: Loading matpower file
┌ Warning: `ExaCore()` is deprecated, and will be removed in v0.11. Use `ExaCore(concrete = Val(true))` for the immutable ExaCore. The default behavior for `ExaCore()` will change to return the immutable ExaCore in v0.11.
└ @ ExaModels ~/.julia/packages/ExaModels/b44x9/src/deprecated.jl:30
[ Info: Loading matpower file
┌ Warning: `ExaCore()` is deprecated, and will be removed in v0.11. Use `ExaCore(concrete = Val(true))` for the immutable ExaCore. The default behavior for `ExaCore()` will change to return the immutable ExaCore in v0.11.
└ @ ExaModels ~/.julia/packages/ExaModels/b44x9/src/deprecated.jl:30
[ Info: Loading matpower file
┌ Warning: `ExaCore()` is deprecated, and will be removed in v0.11. Use `ExaCore(concrete = Val(true))` for the immutable ExaCore. The default behavior for `ExaCore()` will change to return the immutable ExaCore in v0.11.
└ @ ExaModels ~/.julia/packages/ExaModels/b44x9/src/deprecated.jl:30
[ Info: Loading matpower file
┌ Warning: `ExaCore()` is deprecated, and will be removed in v0.11. Use `ExaCore(concrete = Val(true))` for the immutable ExaCore. The default behavior for `ExaCore()` will change to return the immutable ExaCore in v0.11.
└ @ ExaModels ~/.julia/packages/ExaModels/b44x9/src/deprecated.jl:30
[ Info: Loading matpower file
┌ Warning: `ExaCore()` is deprecated, and will be removed in v0.11. Use `ExaCore(concrete = Val(true))` for the immutable ExaCore. The default behavior for `ExaCore()` will change to return the immutable ExaCore in v0.11.
└ @ ExaModels ~/.julia/packages/ExaModels/b44x9/src/deprecated.jl:30
[ Info: Loading matpower file
┌ Warning: `ExaCore()` is deprecated, and will be removed in v0.11. Use `ExaCore(concrete = Val(true))` for the immutable ExaCore. The default behavior for `ExaCore()` will change to return the immutable ExaCore in v0.11.
└ @ ExaModels ~/.julia/packages/ExaModels/b44x9/src/deprecated.jl:30
[ Info: Loading matpower file
┌ Warning: `ExaCore()` is deprecated, and will be removed in v0.11. Use `ExaCore(concrete = Val(true))` for the immutable ExaCore. The default behavior for `ExaCore()` will change to return the immutable ExaCore in v0.11.
└ @ ExaModels ~/.julia/packages/ExaModels/b44x9/src/deprecated.jl:30
[ Info: Loading matpower file
┌ Warning: `ExaCore()` is deprecated, and will be removed in v0.11. Use `ExaCore(concrete = Val(true))` for the immutable ExaCore. The default behavior for `ExaCore()` will change to return the immutable ExaCore in v0.11.
└ @ ExaModels ~/.julia/packages/ExaModels/b44x9/src/deprecated.jl:30
[ Info: Loading matpower file
┌ Warning: `ExaCore()` is deprecated, and will be removed in v0.11. Use `ExaCore(concrete = Val(true))` for the immutable ExaCore. The default behavior for `ExaCore()` will change to return the immutable ExaCore in v0.11.
└ @ ExaModels ~/.julia/packages/ExaModels/b44x9/src/deprecated.jl:30
[ Info: Loading matpower file
┌ Warning: `ExaCore()` is deprecated, and will be removed in v0.11. Use `ExaCore(concrete = Val(true))` for the immutable ExaCore. The default behavior for `ExaCore()` will change to return the immutable ExaCore in v0.11.
└ @ ExaModels ~/.julia/packages/ExaModels/b44x9/src/deprecated.jl:30
[ Info: Loading matpower file
┌ Warning: `ExaCore()` is deprecated, and will be removed in v0.11. Use `ExaCore(concrete = Val(true))` for the immutable ExaCore. The default behavior for `ExaCore()` will change to return the immutable ExaCore in v0.11.
└ @ ExaModels ~/.julia/packages/ExaModels/b44x9/src/deprecated.jl:30
[ Info: Loading matpower file
┌ Warning: `ExaCore()` is deprecated, and will be removed in v0.11. Use `ExaCore(concrete = Val(true))` for the immutable ExaCore. The default behavior for `ExaCore()` will change to return the immutable ExaCore in v0.11.
└ @ ExaModels ~/.julia/packages/ExaModels/b44x9/src/deprecated.jl:30
[ Info: Loading matpower file
┌ Warning: `ExaCore()` is deprecated, and will be removed in v0.11. Use `ExaCore(concrete = Val(true))` for the immutable ExaCore. The default behavior for `ExaCore()` will change to return the immutable ExaCore in v0.11.
└ @ ExaModels ~/.julia/packages/ExaModels/b44x9/src/deprecated.jl:30
[ Info: Loading matpower file
┌ Warning: `ExaCore()` is deprecated, and will be removed in v0.11. Use `ExaCore(concrete = Val(true))` for the immutable ExaCore. The default behavior for `ExaCore()` will change to return the immutable ExaCore in v0.11.
└ @ ExaModels ~/.julia/packages/ExaModels/b44x9/src/deprecated.jl:30
[ Info: Loading matpower file
┌ Warning: `ExaCore()` is deprecated, and will be removed in v0.11. Use `ExaCore(concrete = Val(true))` for the immutable ExaCore. The default behavior for `ExaCore()` will change to return the immutable ExaCore in v0.11.
└ @ ExaModels ~/.julia/packages/ExaModels/b44x9/src/deprecated.jl:30
[ Info: Loading matpower file
┌ Warning: `ExaCore()` is deprecated, and will be removed in v0.11. Use `ExaCore(concrete = Val(true))` for the immutable ExaCore. The default behavior for `ExaCore()` will change to return the immutable ExaCore in v0.11.
└ @ ExaModels ~/.julia/packages/ExaModels/b44x9/src/deprecated.jl:30
[ Info: Loading matpower file
┌ Warning: `ExaCore()` is deprecated, and will be removed in v0.11. Use `ExaCore(concrete = Val(true))` for the immutable ExaCore. The default behavior for `ExaCore()` will change to return the immutable ExaCore in v0.11.
└ @ ExaModels ~/.julia/packages/ExaModels/b44x9/src/deprecated.jl:30
[ Info: Loading matpower file
┌ Warning: `ExaCore()` is deprecated, and will be removed in v0.11. Use `ExaCore(concrete = Val(true))` for the immutable ExaCore. The default behavior for `ExaCore()` will change to return the immutable ExaCore in v0.11.
└ @ ExaModels ~/.julia/packages/ExaModels/b44x9/src/deprecated.jl:30
[ Info: OPF ExaModels (rect): pglib_opf_case1354_pegase.m
[ Info: Loading matpower file
┌ Warning: `ExaCore()` is deprecated, and will be removed in v0.11. Use `ExaCore(concrete = Val(true))` for the immutable ExaCore. The default behavior for `ExaCore()` will change to return the immutable ExaCore in v0.11.
└ @ ExaModels ~/.julia/packages/ExaModels/b44x9/src/deprecated.jl:30
[ Info: Loading matpower file
┌ Warning: `ExaCore()` is deprecated, and will be removed in v0.11. Use `ExaCore(concrete = Val(true))` for the immutable ExaCore. The default behavior for `ExaCore()` will change to return the immutable ExaCore in v0.11.
└ @ ExaModels ~/.julia/packages/ExaModels/b44x9/src/deprecated.jl:30
[ Info: Loading matpower file
┌ Warning: `ExaCore()` is deprecated, and will be removed in v0.11. Use `ExaCore(concrete = Val(true))` for the immutable ExaCore. The default behavior for `ExaCore()` will change to return the immutable ExaCore in v0.11.
└ @ ExaModels ~/.julia/packages/ExaModels/b44x9/src/deprecated.jl:30
[ Info: Loading matpower file
┌ Warning: `ExaCore()` is deprecated, and will be removed in v0.11. Use `ExaCore(concrete = Val(true))` for the immutable ExaCore. The default behavior for `ExaCore()` will change to return the immutable ExaCore in v0.11.
└ @ ExaModels ~/.julia/packages/ExaModels/b44x9/src/deprecated.jl:30
[ Info: Loading matpower file
┌ Warning: `ExaCore()` is deprecated, and will be removed in v0.11. Use `ExaCore(concrete = Val(true))` for the immutable ExaCore. The default behavior for `ExaCore()` will change to return the immutable ExaCore in v0.11.
└ @ ExaModels ~/.julia/packages/ExaModels/b44x9/src/deprecated.jl:30
[ Info: Loading matpower file
┌ Warning: `ExaCore()` is deprecated, and will be removed in v0.11. Use `ExaCore(concrete = Val(true))` for the immutable ExaCore. The default behavior for `ExaCore()` will change to return the immutable ExaCore in v0.11.
└ @ ExaModels ~/.julia/packages/ExaModels/b44x9/src/deprecated.jl:30
[ Info: Loading matpower file
┌ Warning: `ExaCore()` is deprecated, and will be removed in v0.11. Use `ExaCore(concrete = Val(true))` for the immutable ExaCore. The default behavior for `ExaCore()` will change to return the immutable ExaCore in v0.11.
└ @ ExaModels ~/.julia/packages/ExaModels/b44x9/src/deprecated.jl:30
[ Info: Loading matpower file
┌ Warning: `ExaCore()` is deprecated, and will be removed in v0.11. Use `ExaCore(concrete = Val(true))` for the immutable ExaCore. The default behavior for `ExaCore()` will change to return the immutable ExaCore in v0.11.
└ @ ExaModels ~/.julia/packages/ExaModels/b44x9/src/deprecated.jl:30
[ Info: Loading matpower file
┌ Warning: `ExaCore()` is deprecated, and will be removed in v0.11. Use `ExaCore(concrete = Val(true))` for the immutable ExaCore. The default behavior for `ExaCore()` will change to return the immutable ExaCore in v0.11.
└ @ ExaModels ~/.julia/packages/ExaModels/b44x9/src/deprecated.jl:30
[ Info: Loading matpower file
┌ Warning: `ExaCore()` is deprecated, and will be removed in v0.11. Use `ExaCore(concrete = Val(true))` for the immutable ExaCore. The default behavior for `ExaCore()` will change to return the immutable ExaCore in v0.11.
└ @ ExaModels ~/.julia/packages/ExaModels/b44x9/src/deprecated.jl:30
[ Info: Loading matpower file
┌ Warning: `ExaCore()` is deprecated, and will be removed in v0.11. Use `ExaCore(concrete = Val(true))` for the immutable ExaCore. The default behavior for `ExaCore()` will change to return the immutable ExaCore in v0.11.
└ @ ExaModels ~/.julia/packages/ExaModels/b44x9/src/deprecated.jl:30
[ Info: Loading matpower file
┌ Warning: `ExaCore()` is deprecated, and will be removed in v0.11. Use `ExaCore(concrete = Val(true))` for the immutable ExaCore. The default behavior for `ExaCore()` will change to return the immutable ExaCore in v0.11.
└ @ ExaModels ~/.julia/packages/ExaModels/b44x9/src/deprecated.jl:30
[ Info: Loading matpower file
┌ Warning: `ExaCore()` is deprecated, and will be removed in v0.11. Use `ExaCore(concrete = Val(true))` for the immutable ExaCore. The default behavior for `ExaCore()` will change to return the immutable ExaCore in v0.11.
└ @ ExaModels ~/.julia/packages/ExaModels/b44x9/src/deprecated.jl:30
[ Info: Loading matpower file
┌ Warning: `ExaCore()` is deprecated, and will be removed in v0.11. Use `ExaCore(concrete = Val(true))` for the immutable ExaCore. The default behavior for `ExaCore()` will change to return the immutable ExaCore in v0.11.
└ @ ExaModels ~/.julia/packages/ExaModels/b44x9/src/deprecated.jl:30
[ Info: Loading matpower file
┌ Warning: `ExaCore()` is deprecated, and will be removed in v0.11. Use `ExaCore(concrete = Val(true))` for the immutable ExaCore. The default behavior for `ExaCore()` will change to return the immutable ExaCore in v0.11.
└ @ ExaModels ~/.julia/packages/ExaModels/b44x9/src/deprecated.jl:30
[ Info: Loading matpower file
┌ Warning: `ExaCore()` is deprecated, and will be removed in v0.11. Use `ExaCore(concrete = Val(true))` for the immutable ExaCore. The default behavior for `ExaCore()` will change to return the immutable ExaCore in v0.11.
└ @ ExaModels ~/.julia/packages/ExaModels/b44x9/src/deprecated.jl:30
[ Info: Loading matpower file
┌ Warning: `ExaCore()` is deprecated, and will be removed in v0.11. Use `ExaCore(concrete = Val(true))` for the immutable ExaCore. The default behavior for `ExaCore()` will change to return the immutable ExaCore in v0.11.
└ @ ExaModels ~/.julia/packages/ExaModels/b44x9/src/deprecated.jl:30
[ Info: Loading matpower file
┌ Warning: `ExaCore()` is deprecated, and will be removed in v0.11. Use `ExaCore(concrete = Val(true))` for the immutable ExaCore. The default behavior for `ExaCore()` will change to return the immutable ExaCore in v0.11.
└ @ ExaModels ~/.julia/packages/ExaModels/b44x9/src/deprecated.jl:30
[ Info: Loading matpower file
┌ Warning: `ExaCore()` is deprecated, and will be removed in v0.11. Use `ExaCore(concrete = Val(true))` for the immutable ExaCore. The default behavior for `ExaCore()` will change to return the immutable ExaCore in v0.11.
└ @ ExaModels ~/.julia/packages/ExaModels/b44x9/src/deprecated.jl:30
[ Info: Loading matpower file
┌ Warning: `ExaCore()` is deprecated, and will be removed in v0.11. Use `ExaCore(concrete = Val(true))` for the immutable ExaCore. The default behavior for `ExaCore()` will change to return the immutable ExaCore in v0.11.
└ @ ExaModels ~/.julia/packages/ExaModels/b44x9/src/deprecated.jl:30
[ Info: Loading matpower file
┌ Warning: `ExaCore()` is deprecated, and will be removed in v0.11. Use `ExaCore(concrete = Val(true))` for the immutable ExaCore. The default behavior for `ExaCore()` will change to return the immutable ExaCore in v0.11.
└ @ ExaModels ~/.julia/packages/ExaModels/b44x9/src/deprecated.jl:30
[ Info: Loading matpower file
┌ Warning: `ExaCore()` is deprecated, and will be removed in v0.11. Use `ExaCore(concrete = Val(true))` for the immutable ExaCore. The default behavior for `ExaCore()` will change to return the immutable ExaCore in v0.11.
└ @ ExaModels ~/.julia/packages/ExaModels/b44x9/src/deprecated.jl:30
[ Info: Loading matpower file
┌ Warning: `ExaCore()` is deprecated, and will be removed in v0.11. Use `ExaCore(concrete = Val(true))` for the immutable ExaCore. The default behavior for `ExaCore()` will change to return the immutable ExaCore in v0.11.
└ @ ExaModels ~/.julia/packages/ExaModels/b44x9/src/deprecated.jl:30
[ Info: Loading matpower file
┌ Warning: `ExaCore()` is deprecated, and will be removed in v0.11. Use `ExaCore(concrete = Val(true))` for the immutable ExaCore. The default behavior for `ExaCore()` will change to return the immutable ExaCore in v0.11.
└ @ ExaModels ~/.julia/packages/ExaModels/b44x9/src/deprecated.jl:30
[ Info: OPF ExaModels (rect): pglib_opf_case2869_pegase.m
[ Info: Loading matpower file
┌ Warning: `ExaCore()` is deprecated, and will be removed in v0.11. Use `ExaCore(concrete = Val(true))` for the immutable ExaCore. The default behavior for `ExaCore()` will change to return the immutable ExaCore in v0.11.
└ @ ExaModels ~/.julia/packages/ExaModels/b44x9/src/deprecated.jl:30
[ Info: Loading matpower file
┌ Warning: `ExaCore()` is deprecated, and will be removed in v0.11. Use `ExaCore(concrete = Val(true))` for the immutable ExaCore. The default behavior for `ExaCore()` will change to return the immutable ExaCore in v0.11.
└ @ ExaModels ~/.julia/packages/ExaModels/b44x9/src/deprecated.jl:30
[ Info: Loading matpower file
┌ Warning: `ExaCore()` is deprecated, and will be removed in v0.11. Use `ExaCore(concrete = Val(true))` for the immutable ExaCore. The default behavior for `ExaCore()` will change to return the immutable ExaCore in v0.11.
└ @ ExaModels ~/.julia/packages/ExaModels/b44x9/src/deprecated.jl:30
[ Info: Loading matpower file
┌ Warning: `ExaCore()` is deprecated, and will be removed in v0.11. Use `ExaCore(concrete = Val(true))` for the immutable ExaCore. The default behavior for `ExaCore()` will change to return the immutable ExaCore in v0.11.
└ @ ExaModels ~/.julia/packages/ExaModels/b44x9/src/deprecated.jl:30
[ Info: Loading matpower file
┌ Warning: `ExaCore()` is deprecated, and will be removed in v0.11. Use `ExaCore(concrete = Val(true))` for the immutable ExaCore. The default behavior for `ExaCore()` will change to return the immutable ExaCore in v0.11.
└ @ ExaModels ~/.julia/packages/ExaModels/b44x9/src/deprecated.jl:30
[ Info: Loading matpower file
┌ Warning: `ExaCore()` is deprecated, and will be removed in v0.11. Use `ExaCore(concrete = Val(true))` for the immutable ExaCore. The default behavior for `ExaCore()` will change to return the immutable ExaCore in v0.11.
└ @ ExaModels ~/.julia/packages/ExaModels/b44x9/src/deprecated.jl:30
[ Info: Loading matpower file
┌ Warning: `ExaCore()` is deprecated, and will be removed in v0.11. Use `ExaCore(concrete = Val(true))` for the immutable ExaCore. The default behavior for `ExaCore()` will change to return the immutable ExaCore in v0.11.
└ @ ExaModels ~/.julia/packages/ExaModels/b44x9/src/deprecated.jl:30
[ Info: Loading matpower file
┌ Warning: `ExaCore()` is deprecated, and will be removed in v0.11. Use `ExaCore(concrete = Val(true))` for the immutable ExaCore. The default behavior for `ExaCore()` will change to return the immutable ExaCore in v0.11.
└ @ ExaModels ~/.julia/packages/ExaModels/b44x9/src/deprecated.jl:30
[ Info: Loading matpower file
┌ Warning: `ExaCore()` is deprecated, and will be removed in v0.11. Use `ExaCore(concrete = Val(true))` for the immutable ExaCore. The default behavior for `ExaCore()` will change to return the immutable ExaCore in v0.11.
└ @ ExaModels ~/.julia/packages/ExaModels/b44x9/src/deprecated.jl:30
[ Info: Loading matpower file
┌ Warning: `ExaCore()` is deprecated, and will be removed in v0.11. Use `ExaCore(concrete = Val(true))` for the immutable ExaCore. The default behavior for `ExaCore()` will change to return the immutable ExaCore in v0.11.
└ @ ExaModels ~/.julia/packages/ExaModels/b44x9/src/deprecated.jl:30
[ Info: Loading matpower file
┌ Warning: `ExaCore()` is deprecated, and will be removed in v0.11. Use `ExaCore(concrete = Val(true))` for the immutable ExaCore. The default behavior for `ExaCore()` will change to return the immutable ExaCore in v0.11.
└ @ ExaModels ~/.julia/packages/ExaModels/b44x9/src/deprecated.jl:30
[ Info: Loading matpower file
┌ Warning: `ExaCore()` is deprecated, and will be removed in v0.11. Use `ExaCore(concrete = Val(true))` for the immutable ExaCore. The default behavior for `ExaCore()` will change to return the immutable ExaCore in v0.11.
└ @ ExaModels ~/.julia/packages/ExaModels/b44x9/src/deprecated.jl:30
[ Info: Loading matpower file
┌ Warning: `ExaCore()` is deprecated, and will be removed in v0.11. Use `ExaCore(concrete = Val(true))` for the immutable ExaCore. The default behavior for `ExaCore()` will change to return the immutable ExaCore in v0.11.
└ @ ExaModels ~/.julia/packages/ExaModels/b44x9/src/deprecated.jl:30
[ Info: OPF ExaModels (rect): pglib_opf_case9241_pegase.m
[ Info: Loading matpower file
┌ Warning: `ExaCore()` is deprecated, and will be removed in v0.11. Use `ExaCore(concrete = Val(true))` for the immutable ExaCore. The default behavior for `ExaCore()` will change to return the immutable ExaCore in v0.11.
└ @ ExaModels ~/.julia/packages/ExaModels/b44x9/src/deprecated.jl:30
[ Info: Loading matpower file
┌ Warning: `ExaCore()` is deprecated, and will be removed in v0.11. Use `ExaCore(concrete = Val(true))` for the immutable ExaCore. The default behavior for `ExaCore()` will change to return the immutable ExaCore in v0.11.
└ @ ExaModels ~/.julia/packages/ExaModels/b44x9/src/deprecated.jl:30
[ Info: Loading matpower file
┌ Warning: `ExaCore()` is deprecated, and will be removed in v0.11. Use `ExaCore(concrete = Val(true))` for the immutable ExaCore. The default behavior for `ExaCore()` will change to return the immutable ExaCore in v0.11.
└ @ ExaModels ~/.julia/packages/ExaModels/b44x9/src/deprecated.jl:30
[ Info: Loading matpower file
┌ Warning: `ExaCore()` is deprecated, and will be removed in v0.11. Use `ExaCore(concrete = Val(true))` for the immutable ExaCore. The default behavior for `ExaCore()` will change to return the immutable ExaCore in v0.11.
└ @ ExaModels ~/.julia/packages/ExaModels/b44x9/src/deprecated.jl:30
[ Info: Loading matpower file
┌ Warning: `ExaCore()` is deprecated, and will be removed in v0.11. Use `ExaCore(concrete = Val(true))` for the immutable ExaCore. The default behavior for `ExaCore()` will change to return the immutable ExaCore in v0.11.
└ @ ExaModels ~/.julia/packages/ExaModels/b44x9/src/deprecated.jl:30
[ Info: Loading matpower file
┌ Warning: `ExaCore()` is deprecated, and will be removed in v0.11. Use `ExaCore(concrete = Val(true))` for the immutable ExaCore. The default behavior for `ExaCore()` will change to return the immutable ExaCore in v0.11.
└ @ ExaModels ~/.julia/packages/ExaModels/b44x9/src/deprecated.jl:30
[ Info: Results saved to results/shin-compute-002_CPU-8T_fp64_OPF.csv (8 rows)
