Precompiling packages...
   2608.7 ms  ✓ ExaModels
  1 dependency successfully precompiled in 3 seconds. 25 already precompiled.
Precompiling packages...
   3018.3 ms  ✓ NLPModelsJuMP
  1 dependency successfully precompiled in 3 seconds. 54 already precompiled.
Precompiling packages...
    607.7 ms  ✓ ExaModels → ExaModelsSpecialFunctions
  1 dependency successfully precompiled in 1 seconds. 37 already precompiled.
Precompiling packages...
   1264.8 ms  ✓ ExaModels → ExaModelsMOI
  1 dependency successfully precompiled in 1 seconds. 57 already precompiled.
Precompiling packages...
   1268.0 ms  ✓ ExaModels → ExaModelsJuMP
  1 dependency successfully precompiled in 1 seconds. 59 already precompiled.
Precompiling packages...
   1316.3 ms  ✓ ExaModels → ExaModelsKernelAbstractions
  1 dependency successfully precompiled in 1 seconds. 39 already precompiled.
Precompiling packages...
   1546.1 ms  ✓ ExaModels → ExaModelsMetal
  1 dependency successfully precompiled in 2 seconds. 86 already precompiled.
Precompiling packages...
    616.2 ms  ✓ AmplNLReader
  1 dependency successfully precompiled in 1 seconds. 42 already precompiled.
Precompiling packages...
    782.3 ms  ✓ LuksanVlcekBenchmark → LuksanVlcekBenchmarkExaModels
  1 dependency successfully precompiled in 1 seconds. 27 already precompiled.
Precompiling packages...
   1407.8 ms  ✓ LuksanVlcekBenchmark → LuksanVlcekBenchmarkJuMP
  1 dependency successfully precompiled in 2 seconds. 62 already precompiled.
Precompiling packages...
  11047.5 ms  ✓ COPSBenchmark → COPSBenchmarkExaModels
  1 dependency successfully precompiled in 11 seconds. 27 already precompiled.
Precompiling packages...
  11973.7 ms  ✓ COPSBenchmark → COPSBenchmarkJuMP
  1 dependency successfully precompiled in 12 seconds. 45 already precompiled.
Precompiling packages...
   4115.3 ms  ✓ ExaModelsPower
  1 dependency successfully precompiled in 4 seconds. 52 already precompiled.
┌ Info: Running ExaModels benchmarks
│   device = "Metal-Apple M2 Pro"
│   T = Float32
│   seconds = 0.2
└   suites = 1-element Vector{String}: …
[ Info: OPF ExaModels (polar): pglib_opf_case118_ieee.m
[ Info: Loading matpower file
┌ Warning: `ExaCore()` is deprecated, and will be removed in v0.11. Use `ExaCore(concrete = Val(true))` for the immutable ExaCore. The default behavior for `ExaCore()` will change to return the immutable ExaCore in v0.11.
└ @ ExaModels ~/.julia/packages/ExaModels/b44x9/src/deprecated.jl:30
[ Info: Loading matpower file
┌ Warning: `ExaCore()` is deprecated, and will be removed in v0.11. Use `ExaCore(concrete = Val(true))` for the immutable ExaCore. The default behavior for `ExaCore()` will change to return the immutable ExaCore in v0.11.
└ @ ExaModels ~/.julia/packages/ExaModels/b44x9/src/deprecated.jl:30
[ Info: Loading matpower file
┌ Warning: `ExaCore()` is deprecated, and will be removed in v0.11. Use `ExaCore(concrete = Val(true))` for the immutable ExaCore. The default behavior for `ExaCore()` will change to return the immutable ExaCore in v0.11.
└ @ ExaModels ~/.julia/packages/ExaModels/b44x9/src/deprecated.jl:30
[ Info: Loading matpower file
┌ Warning: `ExaCore()` is deprecated, and will be removed in v0.11. Use `ExaCore(concrete = Val(true))` for the immutable ExaCore. The default behavior for `ExaCore()` will change to return the immutable ExaCore in v0.11.
└ @ ExaModels ~/.julia/packages/ExaModels/b44x9/src/deprecated.jl:30
[ Info: Loading matpower file
┌ Warning: `ExaCore()` is deprecated, and will be removed in v0.11. Use `ExaCore(concrete = Val(true))` for the immutable ExaCore. The default behavior for `ExaCore()` will change to return the immutable ExaCore in v0.11.
└ @ ExaModels ~/.julia/packages/ExaModels/b44x9/src/deprecated.jl:30
[ Info: Loading matpower file
┌ Warning: `ExaCore()` is deprecated, and will be removed in v0.11. Use `ExaCore(concrete = Val(true))` for the immutable ExaCore. The default behavior for `ExaCore()` will change to return the immutable ExaCore in v0.11.
└ @ ExaModels ~/.julia/packages/ExaModels/b44x9/src/deprecated.jl:30
[ Info: OPF ExaModels (polar): pglib_opf_case1354_pegase.m
[ Info: Loading matpower file
┌ Warning: `ExaCore()` is deprecated, and will be removed in v0.11. Use `ExaCore(concrete = Val(true))` for the immutable ExaCore. The default behavior for `ExaCore()` will change to return the immutable ExaCore in v0.11.
└ @ ExaModels ~/.julia/packages/ExaModels/b44x9/src/deprecated.jl:30
[ Info: Loading matpower file
┌ Warning: `ExaCore()` is deprecated, and will be removed in v0.11. Use `ExaCore(concrete = Val(true))` for the immutable ExaCore. The default behavior for `ExaCore()` will change to return the immutable ExaCore in v0.11.
└ @ ExaModels ~/.julia/packages/ExaModels/b44x9/src/deprecated.jl:30
[ Info: Loading matpower file
┌ Warning: `ExaCore()` is deprecated, and will be removed in v0.11. Use `ExaCore(concrete = Val(true))` for the immutable ExaCore. The default behavior for `ExaCore()` will change to return the immutable ExaCore in v0.11.
└ @ ExaModels ~/.julia/packages/ExaModels/b44x9/src/deprecated.jl:30
[ Info: Loading matpower file
┌ Warning: `ExaCore()` is deprecated, and will be removed in v0.11. Use `ExaCore(concrete = Val(true))` for the immutable ExaCore. The default behavior for `ExaCore()` will change to return the immutable ExaCore in v0.11.
└ @ ExaModels ~/.julia/packages/ExaModels/b44x9/src/deprecated.jl:30
[ Info: Loading matpower file
┌ Warning: `ExaCore()` is deprecated, and will be removed in v0.11. Use `ExaCore(concrete = Val(true))` for the immutable ExaCore. The default behavior for `ExaCore()` will change to return the immutable ExaCore in v0.11.
└ @ ExaModels ~/.julia/packages/ExaModels/b44x9/src/deprecated.jl:30
[ Info: Loading matpower file
┌ Warning: `ExaCore()` is deprecated, and will be removed in v0.11. Use `ExaCore(concrete = Val(true))` for the immutable ExaCore. The default behavior for `ExaCore()` will change to return the immutable ExaCore in v0.11.
└ @ ExaModels ~/.julia/packages/ExaModels/b44x9/src/deprecated.jl:30
[ Info: OPF ExaModels (polar): pglib_opf_case2869_pegase.m
[ Info: Loading matpower file
┌ Warning: `ExaCore()` is deprecated, and will be removed in v0.11. Use `ExaCore(concrete = Val(true))` for the immutable ExaCore. The default behavior for `ExaCore()` will change to return the immutable ExaCore in v0.11.
└ @ ExaModels ~/.julia/packages/ExaModels/b44x9/src/deprecated.jl:30
[ Info: Loading matpower file
┌ Warning: `ExaCore()` is deprecated, and will be removed in v0.11. Use `ExaCore(concrete = Val(true))` for the immutable ExaCore. The default behavior for `ExaCore()` will change to return the immutable ExaCore in v0.11.
└ @ ExaModels ~/.julia/packages/ExaModels/b44x9/src/deprecated.jl:30
[ Info: Loading matpower file
┌ Warning: `ExaCore()` is deprecated, and will be removed in v0.11. Use `ExaCore(concrete = Val(true))` for the immutable ExaCore. The default behavior for `ExaCore()` will change to return the immutable ExaCore in v0.11.
└ @ ExaModels ~/.julia/packages/ExaModels/b44x9/src/deprecated.jl:30
[ Info: Loading matpower file
┌ Warning: `ExaCore()` is deprecated, and will be removed in v0.11. Use `ExaCore(concrete = Val(true))` for the immutable ExaCore. The default behavior for `ExaCore()` will change to return the immutable ExaCore in v0.11.
└ @ ExaModels ~/.julia/packages/ExaModels/b44x9/src/deprecated.jl:30
[ Info: Loading matpower file
┌ Warning: `ExaCore()` is deprecated, and will be removed in v0.11. Use `ExaCore(concrete = Val(true))` for the immutable ExaCore. The default behavior for `ExaCore()` will change to return the immutable ExaCore in v0.11.
└ @ ExaModels ~/.julia/packages/ExaModels/b44x9/src/deprecated.jl:30
[ Info: Loading matpower file
┌ Warning: `ExaCore()` is deprecated, and will be removed in v0.11. Use `ExaCore(concrete = Val(true))` for the immutable ExaCore. The default behavior for `ExaCore()` will change to return the immutable ExaCore in v0.11.
└ @ ExaModels ~/.julia/packages/ExaModels/b44x9/src/deprecated.jl:30
[ Info: OPF ExaModels (polar): pglib_opf_case9241_pegase.m
[ Info: Loading matpower file
┌ Warning: `ExaCore()` is deprecated, and will be removed in v0.11. Use `ExaCore(concrete = Val(true))` for the immutable ExaCore. The default behavior for `ExaCore()` will change to return the immutable ExaCore in v0.11.
└ @ ExaModels ~/.julia/packages/ExaModels/b44x9/src/deprecated.jl:30
[ Info: Loading matpower file
┌ Warning: `ExaCore()` is deprecated, and will be removed in v0.11. Use `ExaCore(concrete = Val(true))` for the immutable ExaCore. The default behavior for `ExaCore()` will change to return the immutable ExaCore in v0.11.
└ @ ExaModels ~/.julia/packages/ExaModels/b44x9/src/deprecated.jl:30
[ Info: Loading matpower file
┌ Warning: `ExaCore()` is deprecated, and will be removed in v0.11. Use `ExaCore(concrete = Val(true))` for the immutable ExaCore. The default behavior for `ExaCore()` will change to return the immutable ExaCore in v0.11.
└ @ ExaModels ~/.julia/packages/ExaModels/b44x9/src/deprecated.jl:30
[ Info: Loading matpower file
┌ Warning: `ExaCore()` is deprecated, and will be removed in v0.11. Use `ExaCore(concrete = Val(true))` for the immutable ExaCore. The default behavior for `ExaCore()` will change to return the immutable ExaCore in v0.11.
└ @ ExaModels ~/.julia/packages/ExaModels/b44x9/src/deprecated.jl:30
[ Info: Loading matpower file
┌ Warning: `ExaCore()` is deprecated, and will be removed in v0.11. Use `ExaCore(concrete = Val(true))` for the immutable ExaCore. The default behavior for `ExaCore()` will change to return the immutable ExaCore in v0.11.
└ @ ExaModels ~/.julia/packages/ExaModels/b44x9/src/deprecated.jl:30
[ Info: Loading matpower file
┌ Warning: `ExaCore()` is deprecated, and will be removed in v0.11. Use `ExaCore(concrete = Val(true))` for the immutable ExaCore. The default behavior for `ExaCore()` will change to return the immutable ExaCore in v0.11.
└ @ ExaModels ~/.julia/packages/ExaModels/b44x9/src/deprecated.jl:30
[ Info: OPF ExaModels (rect): pglib_opf_case118_ieee.m
[ Info: Loading matpower file
┌ Warning: `ExaCore()` is deprecated, and will be removed in v0.11. Use `ExaCore(concrete = Val(true))` for the immutable ExaCore. The default behavior for `ExaCore()` will change to return the immutable ExaCore in v0.11.
└ @ ExaModels ~/.julia/packages/ExaModels/b44x9/src/deprecated.jl:30
[ Info: Loading matpower file
┌ Warning: `ExaCore()` is deprecated, and will be removed in v0.11. Use `ExaCore(concrete = Val(true))` for the immutable ExaCore. The default behavior for `ExaCore()` will change to return the immutable ExaCore in v0.11.
└ @ ExaModels ~/.julia/packages/ExaModels/b44x9/src/deprecated.jl:30
[ Info: Loading matpower file
┌ Warning: `ExaCore()` is deprecated, and will be removed in v0.11. Use `ExaCore(concrete = Val(true))` for the immutable ExaCore. The default behavior for `ExaCore()` will change to return the immutable ExaCore in v0.11.
└ @ ExaModels ~/.julia/packages/ExaModels/b44x9/src/deprecated.jl:30
[ Info: Loading matpower file
┌ Warning: `ExaCore()` is deprecated, and will be removed in v0.11. Use `ExaCore(concrete = Val(true))` for the immutable ExaCore. The default behavior for `ExaCore()` will change to return the immutable ExaCore in v0.11.
└ @ ExaModels ~/.julia/packages/ExaModels/b44x9/src/deprecated.jl:30
[ Info: Loading matpower file
┌ Warning: `ExaCore()` is deprecated, and will be removed in v0.11. Use `ExaCore(concrete = Val(true))` for the immutable ExaCore. The default behavior for `ExaCore()` will change to return the immutable ExaCore in v0.11.
└ @ ExaModels ~/.julia/packages/ExaModels/b44x9/src/deprecated.jl:30
[ Info: Loading matpower file
┌ Warning: `ExaCore()` is deprecated, and will be removed in v0.11. Use `ExaCore(concrete = Val(true))` for the immutable ExaCore. The default behavior for `ExaCore()` will change to return the immutable ExaCore in v0.11.
└ @ ExaModels ~/.julia/packages/ExaModels/b44x9/src/deprecated.jl:30
[ Info: OPF ExaModels (rect): pglib_opf_case1354_pegase.m
[ Info: Loading matpower file
┌ Warning: `ExaCore()` is deprecated, and will be removed in v0.11. Use `ExaCore(concrete = Val(true))` for the immutable ExaCore. The default behavior for `ExaCore()` will change to return the immutable ExaCore in v0.11.
└ @ ExaModels ~/.julia/packages/ExaModels/b44x9/src/deprecated.jl:30
[ Info: Loading matpower file
┌ Warning: `ExaCore()` is deprecated, and will be removed in v0.11. Use `ExaCore(concrete = Val(true))` for the immutable ExaCore. The default behavior for `ExaCore()` will change to return the immutable ExaCore in v0.11.
└ @ ExaModels ~/.julia/packages/ExaModels/b44x9/src/deprecated.jl:30
[ Info: Loading matpower file
┌ Warning: `ExaCore()` is deprecated, and will be removed in v0.11. Use `ExaCore(concrete = Val(true))` for the immutable ExaCore. The default behavior for `ExaCore()` will change to return the immutable ExaCore in v0.11.
└ @ ExaModels ~/.julia/packages/ExaModels/b44x9/src/deprecated.jl:30
[ Info: Loading matpower file
┌ Warning: `ExaCore()` is deprecated, and will be removed in v0.11. Use `ExaCore(concrete = Val(true))` for the immutable ExaCore. The default behavior for `ExaCore()` will change to return the immutable ExaCore in v0.11.
└ @ ExaModels ~/.julia/packages/ExaModels/b44x9/src/deprecated.jl:30
[ Info: Loading matpower file
┌ Warning: `ExaCore()` is deprecated, and will be removed in v0.11. Use `ExaCore(concrete = Val(true))` for the immutable ExaCore. The default behavior for `ExaCore()` will change to return the immutable ExaCore in v0.11.
└ @ ExaModels ~/.julia/packages/ExaModels/b44x9/src/deprecated.jl:30
[ Info: Loading matpower file
┌ Warning: `ExaCore()` is deprecated, and will be removed in v0.11. Use `ExaCore(concrete = Val(true))` for the immutable ExaCore. The default behavior for `ExaCore()` will change to return the immutable ExaCore in v0.11.
└ @ ExaModels ~/.julia/packages/ExaModels/b44x9/src/deprecated.jl:30
[ Info: OPF ExaModels (rect): pglib_opf_case2869_pegase.m
[ Info: Loading matpower file
┌ Warning: `ExaCore()` is deprecated, and will be removed in v0.11. Use `ExaCore(concrete = Val(true))` for the immutable ExaCore. The default behavior for `ExaCore()` will change to return the immutable ExaCore in v0.11.
└ @ ExaModels ~/.julia/packages/ExaModels/b44x9/src/deprecated.jl:30
[ Info: Loading matpower file
┌ Warning: `ExaCore()` is deprecated, and will be removed in v0.11. Use `ExaCore(concrete = Val(true))` for the immutable ExaCore. The default behavior for `ExaCore()` will change to return the immutable ExaCore in v0.11.
└ @ ExaModels ~/.julia/packages/ExaModels/b44x9/src/deprecated.jl:30
[ Info: Loading matpower file
┌ Warning: `ExaCore()` is deprecated, and will be removed in v0.11. Use `ExaCore(concrete = Val(true))` for the immutable ExaCore. The default behavior for `ExaCore()` will change to return the immutable ExaCore in v0.11.
└ @ ExaModels ~/.julia/packages/ExaModels/b44x9/src/deprecated.jl:30
[ Info: Loading matpower file
┌ Warning: `ExaCore()` is deprecated, and will be removed in v0.11. Use `ExaCore(concrete = Val(true))` for the immutable ExaCore. The default behavior for `ExaCore()` will change to return the immutable ExaCore in v0.11.
└ @ ExaModels ~/.julia/packages/ExaModels/b44x9/src/deprecated.jl:30
[ Info: Loading matpower file
┌ Warning: `ExaCore()` is deprecated, and will be removed in v0.11. Use `ExaCore(concrete = Val(true))` for the immutable ExaCore. The default behavior for `ExaCore()` will change to return the immutable ExaCore in v0.11.
└ @ ExaModels ~/.julia/packages/ExaModels/b44x9/src/deprecated.jl:30
[ Info: Loading matpower file
┌ Warning: `ExaCore()` is deprecated, and will be removed in v0.11. Use `ExaCore(concrete = Val(true))` for the immutable ExaCore. The default behavior for `ExaCore()` will change to return the immutable ExaCore in v0.11.
└ @ ExaModels ~/.julia/packages/ExaModels/b44x9/src/deprecated.jl:30
[ Info: OPF ExaModels (rect): pglib_opf_case9241_pegase.m
[ Info: Loading matpower file
┌ Warning: `ExaCore()` is deprecated, and will be removed in v0.11. Use `ExaCore(concrete = Val(true))` for the immutable ExaCore. The default behavior for `ExaCore()` will change to return the immutable ExaCore in v0.11.
└ @ ExaModels ~/.julia/packages/ExaModels/b44x9/src/deprecated.jl:30
[ Info: Loading matpower file
┌ Warning: `ExaCore()` is deprecated, and will be removed in v0.11. Use `ExaCore(concrete = Val(true))` for the immutable ExaCore. The default behavior for `ExaCore()` will change to return the immutable ExaCore in v0.11.
└ @ ExaModels ~/.julia/packages/ExaModels/b44x9/src/deprecated.jl:30
[ Info: Loading matpower file
┌ Warning: `ExaCore()` is deprecated, and will be removed in v0.11. Use `ExaCore(concrete = Val(true))` for the immutable ExaCore. The default behavior for `ExaCore()` will change to return the immutable ExaCore in v0.11.
└ @ ExaModels ~/.julia/packages/ExaModels/b44x9/src/deprecated.jl:30
[ Info: Loading matpower file
┌ Warning: `ExaCore()` is deprecated, and will be removed in v0.11. Use `ExaCore(concrete = Val(true))` for the immutable ExaCore. The default behavior for `ExaCore()` will change to return the immutable ExaCore in v0.11.
└ @ ExaModels ~/.julia/packages/ExaModels/b44x9/src/deprecated.jl:30
[ Info: Loading matpower file
┌ Warning: `ExaCore()` is deprecated, and will be removed in v0.11. Use `ExaCore(concrete = Val(true))` for the immutable ExaCore. The default behavior for `ExaCore()` will change to return the immutable ExaCore in v0.11.
└ @ ExaModels ~/.julia/packages/ExaModels/b44x9/src/deprecated.jl:30
[ Info: Loading matpower file
┌ Warning: `ExaCore()` is deprecated, and will be removed in v0.11. Use `ExaCore(concrete = Val(true))` for the immutable ExaCore. The default behavior for `ExaCore()` will change to return the immutable ExaCore in v0.11.
└ @ ExaModels ~/.julia/packages/ExaModels/b44x9/src/deprecated.jl:30
[ Info: Results saved to results/shin-macbook-pro.local_Metal-Apple_M2_Pro_fp32_OPF.csv (8 rows)
